
steve@beast:~/projects/2017/broom/twsapi/twsapi/Watcher$ mm
rm -f twsWatcher-Main.o PosixTestClient.o TwsCommonApp.o ClientConnection.o TwsWatcher.o twsWatcher-Main.d PosixTestClient.d TwsCommonApp.d ClientConnection.d TwsWatcher.d twsWatcher
g++ -Wno-unused-parameter -Wall  -g -O2 -MMD -Wno-unused-variable -DHAVE_CONFIG_H -I. -I../.  -DDEBUG -D_GNU_SOURCE -I../PosixSocketClient/src -I../Shared -DIB_USE_STD_STRING -Wextra -MT TestPosixSocketClient-PosixTestClient.o -MD -MP -MF .deps/TestPosixSocketClient-PosixTestClient.Tpo   -c -o twsWatcher-Main.o twsWatcher-Main.cpp
g++ -Wno-unused-parameter -Wall  -g -O2 -MMD -Wno-unused-variable -DHAVE_CONFIG_H -I. -I../.  -DDEBUG -D_GNU_SOURCE -I../PosixSocketClient/src -I../Shared -DIB_USE_STD_STRING -Wextra -MT TestPosixSocketClient-PosixTestClient.o -MD -MP -MF .deps/TestPosixSocketClient-PosixTestClient.Tpo   -c -o PosixTestClient.o PosixTestClient.cpp
g++ -Wno-unused-parameter -Wall  -g -O2 -MMD -Wno-unused-variable -DHAVE_CONFIG_H -I. -I../.  -DDEBUG -D_GNU_SOURCE -I../PosixSocketClient/src -I../Shared -DIB_USE_STD_STRING -Wextra -MT TestPosixSocketClient-PosixTestClient.o -MD -MP -MF .deps/TestPosixSocketClient-PosixTestClient.Tpo   -c -o TwsWatcher.o TwsWatcher.cpp
g++ -Wno-unused-parameter -Wall  -g -O2 -MMD -Wno-unused-variable -DHAVE_CONFIG_H -I. -I../.  -DDEBUG -D_GNU_SOURCE -I../PosixSocketClient/src -I../Shared -DIB_USE_STD_STRING -Wextra -MT TestPosixSocketClient-PosixTestClient.o -MD -MP -MF .deps/TestPosixSocketClient-PosixTestClient.Tpo   -c -o TwsCommonApp.o TwsCommonApp.cpp
TwsCommonApp.cpp: In member function ‘void TwsApp::CommandLineData::DumpData(TwsApp::MyString)’:
TwsCommonApp.cpp:60:39: error: ‘Map’ was not declared in this scope
   for (Name2CLDatumMap::iterator it = Map.begin(); it != Map.end(); ++it)
                                       ^
TwsCommonApp.cpp:62:19: error: ‘DB’ was not declared in this scope
       DB(1, "here");
                   ^
<builtin>: recipe for target 'TwsCommonApp.o' failed
make: *** [TwsCommonApp.o] Error 1
bash: ./twsWatcher: No such file or directory
steve@beast:~/projects/2017/broom/twsapi/twsapi/Watcher$ mm
rm -f twsWatcher-Main.o PosixTestClient.o TwsCommonApp.o ClientConnection.o TwsWatcher.o twsWatcher-Main.d PosixTestClient.d TwsCommonApp.d ClientConnection.d TwsWatcher.d twsWatcher
g++ -Wno-unused-parameter -Wall  -g -O2 -MMD -Wno-unused-variable -DHAVE_CONFIG_H -I. -I../.  -DDEBUG -D_GNU_SOURCE -I../PosixSocketClient/src -I../Shared -DIB_USE_STD_STRING -Wextra -MT TestPosixSocketClient-PosixTestClient.o -MD -MP -MF .deps/TestPosixSocketClient-PosixTestClient.Tpo   -c -o twsWatcher-Main.o twsWatcher-Main.cpp
g++ -Wno-unused-parameter -Wall  -g -O2 -MMD -Wno-unused-variable -DHAVE_CONFIG_H -I. -I../.  -DDEBUG -D_GNU_SOURCE -I../PosixSocketClient/src -I../Shared -DIB_USE_STD_STRING -Wextra -MT TestPosixSocketClient-PosixTestClient.o -MD -MP -MF .deps/TestPosixSocketClient-PosixTestClient.Tpo   -c -o PosixTestClient.o PosixTestClient.cpp
g++ -Wno-unused-parameter -Wall  -g -O2 -MMD -Wno-unused-variable -DHAVE_CONFIG_H -I. -I../.  -DDEBUG -D_GNU_SOURCE -I../PosixSocketClient/src -I../Shared -DIB_USE_STD_STRING -Wextra -MT TestPosixSocketClient-PosixTestClient.o -MD -MP -MF .deps/TestPosixSocketClient-PosixTestClient.Tpo   -c -o TwsWatcher.o TwsWatcher.cpp
g++ -Wno-unused-parameter -Wall  -g -O2 -MMD -Wno-unused-variable -DHAVE_CONFIG_H -I. -I../.  -DDEBUG -D_GNU_SOURCE -I../PosixSocketClient/src -I../Shared -DIB_USE_STD_STRING -Wextra -MT TestPosixSocketClient-PosixTestClient.o -MD -MP -MF .deps/TestPosixSocketClient-PosixTestClient.Tpo   -c -o TwsCommonApp.o TwsCommonApp.cpp
TwsCommonApp.cpp: In member function ‘void TwsApp::CommandLineData::DumpData(TwsApp::MyString)’:
TwsCommonApp.cpp:62:19: error: ‘DB’ was not declared in this scope
       DB(1, "here");
                   ^
<builtin>: recipe for target 'TwsCommonApp.o' failed
make: *** [TwsCommonApp.o] Error 1
bash: ./twsWatcher: No such file or directory
steve@beast:~/projects/2017/broom/twsapi/twsapi/Watcher$ mm
rm -f twsWatcher-Main.o PosixTestClient.o TwsCommonApp.o ClientConnection.o TwsWatcher.o twsWatcher-Main.d PosixTestClient.d TwsCommonApp.d ClientConnection.d TwsWatcher.d twsWatcher
g++ -Wno-unused-parameter -Wall  -g -O2 -MMD -Wno-unused-variable -DHAVE_CONFIG_H -I. -I../.  -DDEBUG -D_GNU_SOURCE -I../PosixSocketClient/src -I../Shared -DIB_USE_STD_STRING -Wextra -MT TestPosixSocketClient-PosixTestClient.o -MD -MP -MF .deps/TestPosixSocketClient-PosixTestClient.Tpo   -c -o twsWatcher-Main.o twsWatcher-Main.cpp
g++ -Wno-unused-parameter -Wall  -g -O2 -MMD -Wno-unused-variable -DHAVE_CONFIG_H -I. -I../.  -DDEBUG -D_GNU_SOURCE -I../PosixSocketClient/src -I../Shared -DIB_USE_STD_STRING -Wextra -MT TestPosixSocketClient-PosixTestClient.o -MD -MP -MF .deps/TestPosixSocketClient-PosixTestClient.Tpo   -c -o PosixTestClient.o PosixTestClient.cpp
g++ -Wno-unused-parameter -Wall  -g -O2 -MMD -Wno-unused-variable -DHAVE_CONFIG_H -I. -I../.  -DDEBUG -D_GNU_SOURCE -I../PosixSocketClient/src -I../Shared -DIB_USE_STD_STRING -Wextra -MT TestPosixSocketClient-PosixTestClient.o -MD -MP -MF .deps/TestPosixSocketClient-PosixTestClient.Tpo   -c -o TwsWatcher.o TwsWatcher.cpp
g++ -Wno-unused-parameter -Wall  -g -O2 -MMD -Wno-unused-variable -DHAVE_CONFIG_H -I. -I../.  -DDEBUG -D_GNU_SOURCE -I../PosixSocketClient/src -I../Shared -DIB_USE_STD_STRING -Wextra -MT TestPosixSocketClient-PosixTestClient.o -MD -MP -MF .deps/TestPosixSocketClient-PosixTestClient.Tpo   -c -o TwsCommonApp.o TwsCommonApp.cpp
g++ -Wno-unused-parameter -Wall  -g -O2 -MMD -Wno-unused-variable -DHAVE_CONFIG_H -I. -I../.  -DDEBUG -D_GNU_SOURCE -I../PosixSocketClient/src -I../Shared -DIB_USE_STD_STRING -Wextra -MT TestPosixSocketClient-PosixTestClient.o -MD -MP -MF .deps/TestPosixSocketClient-PosixTestClient.Tpo   -c -o ClientConnection.o ClientConnection.cpp
/bin/bash ../libtool  --tag=CXX   --mode=link g++ -Wall -Wextra -g -O2   -o twsWatcher twsWatcher-Main.o PosixTestClient.o TwsWatcher.o TwsCommonApp.o ClientConnection.o ../PosixSocketClient/libtwsapi.la 	
libtool: link: g++ -Wall -Wextra -g -O2 -o twsWatcher twsWatcher-Main.o PosixTestClient.o TwsWatcher.o TwsCommonApp.o ClientConnection.o  ../PosixSocketClient/.libs/libtwsapi.a
NYI: CommandLineData::AddIntArg(const char* name, Int* pInt)
NYI: TwsCommonApp::AddCommonCommandLineArgs()
NYI: TwsWatcher.RunMain
NYI: ClientConnection::TryConnecting(unsigned uiAttempts)
Error: TwsWatcher: connection failed
steve@beast:~/projects/2017/broom/twsapi/twsapi/Watcher$ mm
rm -f twsWatcher-Main.o PosixTestClient.o TwsCommonApp.o ClientConnection.o TwsWatcher.o twsWatcher-Main.d PosixTestClient.d TwsCommonApp.d ClientConnection.d TwsWatcher.d twsWatcher
g++ -Wno-unused-parameter -Wall  -g -O2 -MMD -Wno-unused-variable -DHAVE_CONFIG_H -I. -I../.  -DDEBUG -D_GNU_SOURCE -I../PosixSocketClient/src -I../Shared -DIB_USE_STD_STRING -Wextra -MT TestPosixSocketClient-PosixTestClient.o -MD -MP -MF .deps/TestPosixSocketClient-PosixTestClient.Tpo   -c -o twsWatcher-Main.o twsWatcher-Main.cpp
g++ -Wno-unused-parameter -Wall  -g -O2 -MMD -Wno-unused-variable -DHAVE_CONFIG_H -I. -I../.  -DDEBUG -D_GNU_SOURCE -I../PosixSocketClient/src -I../Shared -DIB_USE_STD_STRING -Wextra -MT TestPosixSocketClient-PosixTestClient.o -MD -MP -MF .deps/TestPosixSocketClient-PosixTestClient.Tpo   -c -o PosixTestClient.o PosixTestClient.cpp
g++ -Wno-unused-parameter -Wall  -g -O2 -MMD -Wno-unused-variable -DHAVE_CONFIG_H -I. -I../.  -DDEBUG -D_GNU_SOURCE -I../PosixSocketClient/src -I../Shared -DIB_USE_STD_STRING -Wextra -MT TestPosixSocketClient-PosixTestClient.o -MD -MP -MF .deps/TestPosixSocketClient-PosixTestClient.Tpo   -c -o TwsWatcher.o TwsWatcher.cpp
g++ -Wno-unused-parameter -Wall  -g -O2 -MMD -Wno-unused-variable -DHAVE_CONFIG_H -I. -I../.  -DDEBUG -D_GNU_SOURCE -I../PosixSocketClient/src -I../Shared -DIB_USE_STD_STRING -Wextra -MT TestPosixSocketClient-PosixTestClient.o -MD -MP -MF .deps/TestPosixSocketClient-PosixTestClient.Tpo   -c -o TwsCommonApp.o TwsCommonApp.cpp
TwsCommonApp.cpp: In member function ‘virtual void TwsApp::CommandLineData::AddIntArg(const char*, const char*, int*)’:
TwsCommonApp.cpp:36:1: error: expected unqualified-id before ‘}’ token
 }
 ^
<builtin>: recipe for target 'TwsCommonApp.o' failed
make: *** [TwsCommonApp.o] Error 1
bash: ./twsWatcher: No such file or directory
steve@beast:~/projects/2017/broom/twsapi/twsapi/Watcher$ mm
rm -f twsWatcher-Main.o PosixTestClient.o TwsCommonApp.o ClientConnection.o TwsWatcher.o twsWatcher-Main.d PosixTestClient.d TwsCommonApp.d ClientConnection.d TwsWatcher.d twsWatcher
g++ -Wno-unused-parameter -Wall  -g -O2 -MMD -Wno-unused-variable -DHAVE_CONFIG_H -I. -I../.  -DDEBUG -D_GNU_SOURCE -I../PosixSocketClient/src -I../Shared -DIB_USE_STD_STRING -Wextra -MT TestPosixSocketClient-PosixTestClient.o -MD -MP -MF .deps/TestPosixSocketClient-PosixTestClient.Tpo   -c -o twsWatcher-Main.o twsWatcher-Main.cpp
g++ -Wno-unused-parameter -Wall  -g -O2 -MMD -Wno-unused-variable -DHAVE_CONFIG_H -I. -I../.  -DDEBUG -D_GNU_SOURCE -I../PosixSocketClient/src -I../Shared -DIB_USE_STD_STRING -Wextra -MT TestPosixSocketClient-PosixTestClient.o -MD -MP -MF .deps/TestPosixSocketClient-PosixTestClient.Tpo   -c -o PosixTestClient.o PosixTestClient.cpp
g++ -Wno-unused-parameter -Wall  -g -O2 -MMD -Wno-unused-variable -DHAVE_CONFIG_H -I. -I../.  -DDEBUG -D_GNU_SOURCE -I../PosixSocketClient/src -I../Shared -DIB_USE_STD_STRING -Wextra -MT TestPosixSocketClient-PosixTestClient.o -MD -MP -MF .deps/TestPosixSocketClient-PosixTestClient.Tpo   -c -o TwsWatcher.o TwsWatcher.cpp
g++ -Wno-unused-parameter -Wall  -g -O2 -MMD -Wno-unused-variable -DHAVE_CONFIG_H -I. -I../.  -DDEBUG -D_GNU_SOURCE -I../PosixSocketClient/src -I../Shared -DIB_USE_STD_STRING -Wextra -MT TestPosixSocketClient-PosixTestClient.o -MD -MP -MF .deps/TestPosixSocketClient-PosixTestClient.Tpo   -c -o TwsCommonApp.o TwsCommonApp.cpp
g++ -Wno-unused-parameter -Wall  -g -O2 -MMD -Wno-unused-variable -DHAVE_CONFIG_H -I. -I../.  -DDEBUG -D_GNU_SOURCE -I../PosixSocketClient/src -I../Shared -DIB_USE_STD_STRING -Wextra -MT TestPosixSocketClient-PosixTestClient.o -MD -MP -MF .deps/TestPosixSocketClient-PosixTestClient.Tpo   -c -o ClientConnection.o ClientConnection.cpp
/bin/bash ../libtool  --tag=CXX   --mode=link g++ -Wall -Wextra -g -O2   -o twsWatcher twsWatcher-Main.o PosixTestClient.o TwsWatcher.o TwsCommonApp.o ClientConnection.o ../PosixSocketClient/libtwsapi.la 	
libtool: link: g++ -Wall -Wextra -g -O2 -o twsWatcher twsWatcher-Main.o PosixTestClient.o TwsWatcher.o TwsCommonApp.o ClientConnection.o  ../PosixSocketClient/.libs/libtwsapi.a
NYI: CommandLineData::AddIntArg(const char* name, Int* pInt)
NYI: TwsCommonApp::AddCommonCommandLineArgs()
NYI: TwsWatcher.RunMain
NYI: ClientConnection::TryConnecting(unsigned uiAttempts)
Error: TwsWatcher: connection failed
steve@beast:~/projects/2017/broom/twsapi/twsapi/Watcher$ mm
rm -f twsWatcher-Main.o PosixTestClient.o TwsCommonApp.o ClientConnection.o TwsWatcher.o twsWatcher-Main.d PosixTestClient.d TwsCommonApp.d ClientConnection.d TwsWatcher.d twsWatcher
g++ -Wno-unused-parameter -Wall  -g -O2 -MMD -Wno-unused-variable -DHAVE_CONFIG_H -I. -I../.  -DDEBUG -D_GNU_SOURCE -I../PosixSocketClient/src -I../Shared -DIB_USE_STD_STRING -Wextra -MT TestPosixSocketClient-PosixTestClient.o -MD -MP -MF .deps/TestPosixSocketClient-PosixTestClient.Tpo   -c -o twsWatcher-Main.o twsWatcher-Main.cpp
g++ -Wno-unused-parameter -Wall  -g -O2 -MMD -Wno-unused-variable -DHAVE_CONFIG_H -I. -I../.  -DDEBUG -D_GNU_SOURCE -I../PosixSocketClient/src -I../Shared -DIB_USE_STD_STRING -Wextra -MT TestPosixSocketClient-PosixTestClient.o -MD -MP -MF .deps/TestPosixSocketClient-PosixTestClient.Tpo   -c -o PosixTestClient.o PosixTestClient.cpp
g++ -Wno-unused-parameter -Wall  -g -O2 -MMD -Wno-unused-variable -DHAVE_CONFIG_H -I. -I../.  -DDEBUG -D_GNU_SOURCE -I../PosixSocketClient/src -I../Shared -DIB_USE_STD_STRING -Wextra -MT TestPosixSocketClient-PosixTestClient.o -MD -MP -MF .deps/TestPosixSocketClient-PosixTestClient.Tpo   -c -o TwsWatcher.o TwsWatcher.cpp
g++ -Wno-unused-parameter -Wall  -g -O2 -MMD -Wno-unused-variable -DHAVE_CONFIG_H -I. -I../.  -DDEBUG -D_GNU_SOURCE -I../PosixSocketClient/src -I../Shared -DIB_USE_STD_STRING -Wextra -MT TestPosixSocketClient-PosixTestClient.o -MD -MP -MF .deps/TestPosixSocketClient-PosixTestClient.Tpo   -c -o TwsCommonApp.o TwsCommonApp.cpp
TwsCommonApp.cpp: In member function ‘virtual void TwsApp::CommandLineData::AddIntArg(const char*, const char*, int*)’:
TwsCommonApp.cpp:33:72: error: conversion from ‘TwsApp::CommandLineInt*’ to non-scalar type ‘TwsApp::CommandLineInt’ requested
   CommandLineInt that = new CommandLineInt(sShortName, sFullName, piInt);
                                                                        ^
TwsCommonApp.cpp:34:26: error: no matching function for call to ‘std::vector<TwsApp::CommandLineDatum*>::push_back(TwsApp::CommandLineInt&)’
   vArgData.push_back(that);
                          ^
In file included from /usr/include/c++/5/vector:64:0,
                 from TwsCommonApp.h:9,
                 from TwsCommonApp.cpp:4:
/usr/include/c++/5/bits/stl_vector.h:913:7: note: candidate: void std::vector<_Tp, _Alloc>::push_back(const value_type&) [with _Tp = TwsApp::CommandLineDatum*; _Alloc = std::allocator<TwsApp::CommandLineDatum*>; std::vector<_Tp, _Alloc>::value_type = TwsApp::CommandLineDatum*]
       push_back(const value_type& __x)
       ^
/usr/include/c++/5/bits/stl_vector.h:913:7: note:   no known conversion for argument 1 from ‘TwsApp::CommandLineInt’ to ‘TwsApp::CommandLineDatum* const&’
TwsCommonApp.cpp:36:32: error: cannot convert ‘TwsApp::CommandLineInt’ to ‘std::map<const char*, TwsApp::CommandLineDatum*>::mapped_type {aka TwsApp::CommandLineDatum*}’ in assignment
   mShortName2Datum[sShortName] = that;
                                ^
<builtin>: recipe for target 'TwsCommonApp.o' failed
make: *** [TwsCommonApp.o] Error 1
bash: ./twsWatcher: No such file or directory
steve@beast:~/projects/2017/broom/twsapi/twsapi/Watcher$ mm
rm -f twsWatcher-Main.o PosixTestClient.o TwsCommonApp.o ClientConnection.o TwsWatcher.o twsWatcher-Main.d PosixTestClient.d TwsCommonApp.d ClientConnection.d TwsWatcher.d twsWatcher
g++ -Wno-unused-parameter -Wall  -g -O2 -MMD -Wno-unused-variable -DHAVE_CONFIG_H -I. -I../.  -DDEBUG -D_GNU_SOURCE -I../PosixSocketClient/src -I../Shared -DIB_USE_STD_STRING -Wextra -MT TestPosixSocketClient-PosixTestClient.o -MD -MP -MF .deps/TestPosixSocketClient-PosixTestClient.Tpo   -c -o twsWatcher-Main.o twsWatcher-Main.cpp
g++ -Wno-unused-parameter -Wall  -g -O2 -MMD -Wno-unused-variable -DHAVE_CONFIG_H -I. -I../.  -DDEBUG -D_GNU_SOURCE -I../PosixSocketClient/src -I../Shared -DIB_USE_STD_STRING -Wextra -MT TestPosixSocketClient-PosixTestClient.o -MD -MP -MF .deps/TestPosixSocketClient-PosixTestClient.Tpo   -c -o PosixTestClient.o PosixTestClient.cpp
g++ -Wno-unused-parameter -Wall  -g -O2 -MMD -Wno-unused-variable -DHAVE_CONFIG_H -I. -I../.  -DDEBUG -D_GNU_SOURCE -I../PosixSocketClient/src -I../Shared -DIB_USE_STD_STRING -Wextra -MT TestPosixSocketClient-PosixTestClient.o -MD -MP -MF .deps/TestPosixSocketClient-PosixTestClient.Tpo   -c -o TwsWatcher.o TwsWatcher.cpp
g++ -Wno-unused-parameter -Wall  -g -O2 -MMD -Wno-unused-variable -DHAVE_CONFIG_H -I. -I../.  -DDEBUG -D_GNU_SOURCE -I../PosixSocketClient/src -I../Shared -DIB_USE_STD_STRING -Wextra -MT TestPosixSocketClient-PosixTestClient.o -MD -MP -MF .deps/TestPosixSocketClient-PosixTestClient.Tpo   -c -o TwsCommonApp.o TwsCommonApp.cpp
TwsCommonApp.cpp: In member function ‘virtual void TwsApp::CommandLineData::AddIntArg(const char*, const char*, int*)’:
TwsCommonApp.cpp:33:72: error: conversion from ‘TwsApp::CommandLineInt*’ to non-scalar type ‘TwsApp::CommandLineInt’ requested
   CommandLineInt that = new CommandLineInt(sShortName, sFullName, piInt);
                                                                        ^
TwsCommonApp.cpp:34:26: error: no matching function for call to ‘std::vector<TwsApp::CommandLineDatum*>::push_back(TwsApp::CommandLineInt&)’
   vArgData.push_back(that);
                          ^
In file included from /usr/include/c++/5/vector:64:0,
                 from TwsCommonApp.h:9,
                 from TwsCommonApp.cpp:4:
/usr/include/c++/5/bits/stl_vector.h:913:7: note: candidate: void std::vector<_Tp, _Alloc>::push_back(const value_type&) [with _Tp = TwsApp::CommandLineDatum*; _Alloc = std::allocator<TwsApp::CommandLineDatum*>; std::vector<_Tp, _Alloc>::value_type = TwsApp::CommandLineDatum*]
       push_back(const value_type& __x)
       ^
/usr/include/c++/5/bits/stl_vector.h:913:7: note:   no known conversion for argument 1 from ‘TwsApp::CommandLineInt’ to ‘TwsApp::CommandLineDatum* const&’
<builtin>: recipe for target 'TwsCommonApp.o' failed
make: *** [TwsCommonApp.o] Error 1
bash: ./twsWatcher: No such file or directory
steve@beast:~/projects/2017/broom/twsapi/twsapi/Watcher$ mm
rm -f twsWatcher-Main.o PosixTestClient.o TwsCommonApp.o ClientConnection.o TwsWatcher.o twsWatcher-Main.d PosixTestClient.d TwsCommonApp.d ClientConnection.d TwsWatcher.d twsWatcher
g++ -Wno-unused-parameter -Wall  -g -O2 -MMD -Wno-unused-variable -DHAVE_CONFIG_H -I. -I../.  -DDEBUG -D_GNU_SOURCE -I../PosixSocketClient/src -I../Shared -DIB_USE_STD_STRING -Wextra -MT TestPosixSocketClient-PosixTestClient.o -MD -MP -MF .deps/TestPosixSocketClient-PosixTestClient.Tpo   -c -o twsWatcher-Main.o twsWatcher-Main.cpp
g++ -Wno-unused-parameter -Wall  -g -O2 -MMD -Wno-unused-variable -DHAVE_CONFIG_H -I. -I../.  -DDEBUG -D_GNU_SOURCE -I../PosixSocketClient/src -I../Shared -DIB_USE_STD_STRING -Wextra -MT TestPosixSocketClient-PosixTestClient.o -MD -MP -MF .deps/TestPosixSocketClient-PosixTestClient.Tpo   -c -o PosixTestClient.o PosixTestClient.cpp
g++ -Wno-unused-parameter -Wall  -g -O2 -MMD -Wno-unused-variable -DHAVE_CONFIG_H -I. -I../.  -DDEBUG -D_GNU_SOURCE -I../PosixSocketClient/src -I../Shared -DIB_USE_STD_STRING -Wextra -MT TestPosixSocketClient-PosixTestClient.o -MD -MP -MF .deps/TestPosixSocketClient-PosixTestClient.Tpo   -c -o TwsWatcher.o TwsWatcher.cpp
g++ -Wno-unused-parameter -Wall  -g -O2 -MMD -Wno-unused-variable -DHAVE_CONFIG_H -I. -I../.  -DDEBUG -D_GNU_SOURCE -I../PosixSocketClient/src -I../Shared -DIB_USE_STD_STRING -Wextra -MT TestPosixSocketClient-PosixTestClient.o -MD -MP -MF .deps/TestPosixSocketClient-PosixTestClient.Tpo   -c -o TwsCommonApp.o TwsCommonApp.cpp
g++ -Wno-unused-parameter -Wall  -g -O2 -MMD -Wno-unused-variable -DHAVE_CONFIG_H -I. -I../.  -DDEBUG -D_GNU_SOURCE -I../PosixSocketClient/src -I../Shared -DIB_USE_STD_STRING -Wextra -MT TestPosixSocketClient-PosixTestClient.o -MD -MP -MF .deps/TestPosixSocketClient-PosixTestClient.Tpo   -c -o ClientConnection.o ClientConnection.cpp
/bin/bash ../libtool  --tag=CXX   --mode=link g++ -Wall -Wextra -g -O2   -o twsWatcher twsWatcher-Main.o PosixTestClient.o TwsWatcher.o TwsCommonApp.o ClientConnection.o ../PosixSocketClient/libtwsapi.la 	
libtool: link: g++ -Wall -Wextra -g -O2 -o twsWatcher twsWatcher-Main.o PosixTestClient.o TwsWatcher.o TwsCommonApp.o ClientConnection.o  ../PosixSocketClient/.libs/libtwsapi.a
NYI: CommandLineData::AddIntArg(const char* name, Int* pInt)
NYI: TwsCommonApp::AddCommonCommandLineArgs()
NYI: TwsWatcher.RunMain
NYI: ClientConnection::TryConnecting(unsigned uiAttempts)
Error: TwsWatcher: connection failed
steve@beast:~/projects/2017/broom/twsapi/twsapi/Watcher$ mm
rm -f twsWatcher-Main.o PosixTestClient.o TwsCommonApp.o ClientConnection.o TwsWatcher.o twsWatcher-Main.d PosixTestClient.d TwsCommonApp.d ClientConnection.d TwsWatcher.d twsWatcher
g++ -Wno-unused-parameter -Wall  -g -O2 -MMD -Wno-unused-variable -DHAVE_CONFIG_H -I. -I../.  -DDEBUG -D_GNU_SOURCE -I../PosixSocketClient/src -I../Shared -DIB_USE_STD_STRING -Wextra -MT TestPosixSocketClient-PosixTestClient.o -MD -MP -MF .deps/TestPosixSocketClient-PosixTestClient.Tpo   -c -o twsWatcher-Main.o twsWatcher-Main.cpp
g++ -Wno-unused-parameter -Wall  -g -O2 -MMD -Wno-unused-variable -DHAVE_CONFIG_H -I. -I../.  -DDEBUG -D_GNU_SOURCE -I../PosixSocketClient/src -I../Shared -DIB_USE_STD_STRING -Wextra -MT TestPosixSocketClient-PosixTestClient.o -MD -MP -MF .deps/TestPosixSocketClient-PosixTestClient.Tpo   -c -o PosixTestClient.o PosixTestClient.cpp
g++ -Wno-unused-parameter -Wall  -g -O2 -MMD -Wno-unused-variable -DHAVE_CONFIG_H -I. -I../.  -DDEBUG -D_GNU_SOURCE -I../PosixSocketClient/src -I../Shared -DIB_USE_STD_STRING -Wextra -MT TestPosixSocketClient-PosixTestClient.o -MD -MP -MF .deps/TestPosixSocketClient-PosixTestClient.Tpo   -c -o TwsWatcher.o TwsWatcher.cpp
g++ -Wno-unused-parameter -Wall  -g -O2 -MMD -Wno-unused-variable -DHAVE_CONFIG_H -I. -I../.  -DDEBUG -D_GNU_SOURCE -I../PosixSocketClient/src -I../Shared -DIB_USE_STD_STRING -Wextra -MT TestPosixSocketClient-PosixTestClient.o -MD -MP -MF .deps/TestPosixSocketClient-PosixTestClient.Tpo   -c -o TwsCommonApp.o TwsCommonApp.cpp
g++ -Wno-unused-parameter -Wall  -g -O2 -MMD -Wno-unused-variable -DHAVE_CONFIG_H -I. -I../.  -DDEBUG -D_GNU_SOURCE -I../PosixSocketClient/src -I../Shared -DIB_USE_STD_STRING -Wextra -MT TestPosixSocketClient-PosixTestClient.o -MD -MP -MF .deps/TestPosixSocketClient-PosixTestClient.Tpo   -c -o ClientConnection.o ClientConnection.cpp
/bin/bash ../libtool  --tag=CXX   --mode=link g++ -Wall -Wextra -g -O2   -o twsWatcher twsWatcher-Main.o PosixTestClient.o TwsWatcher.o TwsCommonApp.o ClientConnection.o ../PosixSocketClient/libtwsapi.la 	
libtool: link: g++ -Wall -Wextra -g -O2 -o twsWatcher twsWatcher-Main.o PosixTestClient.o TwsWatcher.o TwsCommonApp.o ClientConnection.o  ../PosixSocketClient/.libs/libtwsapi.a
NYI: CommandLineData::AddIntArg(const char* name, Int* pInt)
NYI: TwsCommonApp::AddCommonCommandLineArgs()
NYI: TwsWatcher.RunMain
NYI: ClientConnection::TryConnecting(unsigned uiAttempts)
Error: TwsWatcher: connection failed
steve@beast:~/projects/2017/broom/twsapi/twsapi/Watcher$ mm
rm -f twsWatcher-Main.o PosixTestClient.o TwsCommonApp.o ClientConnection.o TwsWatcher.o twsWatcher-Main.d PosixTestClient.d TwsCommonApp.d ClientConnection.d TwsWatcher.d twsWatcher
g++ -Wno-unused-parameter -Wall  -g -O2 -MMD -Wno-unused-variable -DHAVE_CONFIG_H -I. -I../.  -DDEBUG -D_GNU_SOURCE -I../PosixSocketClient/src -I../Shared -DIB_USE_STD_STRING -Wextra -MT TestPosixSocketClient-PosixTestClient.o -MD -MP -MF .deps/TestPosixSocketClient-PosixTestClient.Tpo   -c -o twsWatcher-Main.o twsWatcher-Main.cpp
g++ -Wno-unused-parameter -Wall  -g -O2 -MMD -Wno-unused-variable -DHAVE_CONFIG_H -I. -I../.  -DDEBUG -D_GNU_SOURCE -I../PosixSocketClient/src -I../Shared -DIB_USE_STD_STRING -Wextra -MT TestPosixSocketClient-PosixTestClient.o -MD -MP -MF .deps/TestPosixSocketClient-PosixTestClient.Tpo   -c -o PosixTestClient.o PosixTestClient.cpp
g++ -Wno-unused-parameter -Wall  -g -O2 -MMD -Wno-unused-variable -DHAVE_CONFIG_H -I. -I../.  -DDEBUG -D_GNU_SOURCE -I../PosixSocketClient/src -I../Shared -DIB_USE_STD_STRING -Wextra -MT TestPosixSocketClient-PosixTestClient.o -MD -MP -MF .deps/TestPosixSocketClient-PosixTestClient.Tpo   -c -o TwsWatcher.o TwsWatcher.cpp
g++ -Wno-unused-parameter -Wall  -g -O2 -MMD -Wno-unused-variable -DHAVE_CONFIG_H -I. -I../.  -DDEBUG -D_GNU_SOURCE -I../PosixSocketClient/src -I../Shared -DIB_USE_STD_STRING -Wextra -MT TestPosixSocketClient-PosixTestClient.o -MD -MP -MF .deps/TestPosixSocketClient-PosixTestClient.Tpo   -c -o TwsCommonApp.o TwsCommonApp.cpp
g++ -Wno-unused-parameter -Wall  -g -O2 -MMD -Wno-unused-variable -DHAVE_CONFIG_H -I. -I../.  -DDEBUG -D_GNU_SOURCE -I../PosixSocketClient/src -I../Shared -DIB_USE_STD_STRING -Wextra -MT TestPosixSocketClient-PosixTestClient.o -MD -MP -MF .deps/TestPosixSocketClient-PosixTestClient.Tpo   -c -o ClientConnection.o ClientConnection.cpp
/bin/bash ../libtool  --tag=CXX   --mode=link g++ -Wall -Wextra -g -O2   -o twsWatcher twsWatcher-Main.o PosixTestClient.o TwsWatcher.o TwsCommonApp.o ClientConnection.o ../PosixSocketClient/libtwsapi.la 	
libtool: link: g++ -Wall -Wextra -g -O2 -o twsWatcher twsWatcher-Main.o PosixTestClient.o TwsWatcher.o TwsCommonApp.o ClientConnection.o  ../PosixSocketClient/.libs/libtwsapi.a
NYI: CommandLineData::AddIntArg(const char* name, Int* pInt)
NYI: TwsCommonApp::AddCommonCommandLineArgs()
NYI: TwsWatcher.RunMain
NYI: ClientConnection::TryConnecting(unsigned uiAttempts)
Error: TwsWatcher: connection failed
steve@beast:~/projects/2017/broom/twsapi/twsapi/Watcher$ mm
rm -f twsWatcher-Main.o PosixTestClient.o TwsCommonApp.o ClientConnection.o TwsWatcher.o twsWatcher-Main.d PosixTestClient.d TwsCommonApp.d ClientConnection.d TwsWatcher.d twsWatcher
g++ -Wno-unused-parameter -Wall  -g -O2 -MMD -Wno-unused-variable -DHAVE_CONFIG_H -I. -I../.  -DDEBUG -D_GNU_SOURCE -I../PosixSocketClient/src -I../Shared -DIB_USE_STD_STRING -Wextra -MT TestPosixSocketClient-PosixTestClient.o -MD -MP -MF .deps/TestPosixSocketClient-PosixTestClient.Tpo   -c -o twsWatcher-Main.o twsWatcher-Main.cpp
g++ -Wno-unused-parameter -Wall  -g -O2 -MMD -Wno-unused-variable -DHAVE_CONFIG_H -I. -I../.  -DDEBUG -D_GNU_SOURCE -I../PosixSocketClient/src -I../Shared -DIB_USE_STD_STRING -Wextra -MT TestPosixSocketClient-PosixTestClient.o -MD -MP -MF .deps/TestPosixSocketClient-PosixTestClient.Tpo   -c -o PosixTestClient.o PosixTestClient.cpp
g++ -Wno-unused-parameter -Wall  -g -O2 -MMD -Wno-unused-variable -DHAVE_CONFIG_H -I. -I../.  -DDEBUG -D_GNU_SOURCE -I../PosixSocketClient/src -I../Shared -DIB_USE_STD_STRING -Wextra -MT TestPosixSocketClient-PosixTestClient.o -MD -MP -MF .deps/TestPosixSocketClient-PosixTestClient.Tpo   -c -o TwsWatcher.o TwsWatcher.cpp
g++ -Wno-unused-parameter -Wall  -g -O2 -MMD -Wno-unused-variable -DHAVE_CONFIG_H -I. -I../.  -DDEBUG -D_GNU_SOURCE -I../PosixSocketClient/src -I../Shared -DIB_USE_STD_STRING -Wextra -MT TestPosixSocketClient-PosixTestClient.o -MD -MP -MF .deps/TestPosixSocketClient-PosixTestClient.Tpo   -c -o TwsCommonApp.o TwsCommonApp.cpp
g++ -Wno-unused-parameter -Wall  -g -O2 -MMD -Wno-unused-variable -DHAVE_CONFIG_H -I. -I../.  -DDEBUG -D_GNU_SOURCE -I../PosixSocketClient/src -I../Shared -DIB_USE_STD_STRING -Wextra -MT TestPosixSocketClient-PosixTestClient.o -MD -MP -MF .deps/TestPosixSocketClient-PosixTestClient.Tpo   -c -o ClientConnection.o ClientConnection.cpp
/bin/bash ../libtool  --tag=CXX   --mode=link g++ -Wall -Wextra -g -O2   -o twsWatcher twsWatcher-Main.o PosixTestClient.o TwsWatcher.o TwsCommonApp.o ClientConnection.o ../PosixSocketClient/libtwsapi.la 	
libtool: link: g++ -Wall -Wextra -g -O2 -o twsWatcher twsWatcher-Main.o PosixTestClient.o TwsWatcher.o TwsCommonApp.o ClientConnection.o  ../PosixSocketClient/.libs/libtwsapi.a
NYI: TwsCommonApp::AddCommonCommandLineArgs()
NYI: TwsWatcher.RunMain
NYI: ClientConnection::TryConnecting(unsigned uiAttempts)
Error: TwsWatcher: connection failed
steve@beast:~/projects/2017/broom/twsapi/twsapi/Watcher$ mm
rm -f twsWatcher-Main.o PosixTestClient.o TwsCommonApp.o ClientConnection.o TwsWatcher.o twsWatcher-Main.d PosixTestClient.d TwsCommonApp.d ClientConnection.d TwsWatcher.d twsWatcher
g++ -Wno-unused-parameter -Wall  -g -O2 -MMD -Wno-unused-variable -DHAVE_CONFIG_H -I. -I../.  -DDEBUG -D_GNU_SOURCE -I../PosixSocketClient/src -I../Shared -DIB_USE_STD_STRING -Wextra -MT TestPosixSocketClient-PosixTestClient.o -MD -MP -MF .deps/TestPosixSocketClient-PosixTestClient.Tpo   -c -o twsWatcher-Main.o twsWatcher-Main.cpp
g++ -Wno-unused-parameter -Wall  -g -O2 -MMD -Wno-unused-variable -DHAVE_CONFIG_H -I. -I../.  -DDEBUG -D_GNU_SOURCE -I../PosixSocketClient/src -I../Shared -DIB_USE_STD_STRING -Wextra -MT TestPosixSocketClient-PosixTestClient.o -MD -MP -MF .deps/TestPosixSocketClient-PosixTestClient.Tpo   -c -o PosixTestClient.o PosixTestClient.cpp
g++ -Wno-unused-parameter -Wall  -g -O2 -MMD -Wno-unused-variable -DHAVE_CONFIG_H -I. -I../.  -DDEBUG -D_GNU_SOURCE -I../PosixSocketClient/src -I../Shared -DIB_USE_STD_STRING -Wextra -MT TestPosixSocketClient-PosixTestClient.o -MD -MP -MF .deps/TestPosixSocketClient-PosixTestClient.Tpo   -c -o TwsWatcher.o TwsWatcher.cpp
g++ -Wno-unused-parameter -Wall  -g -O2 -MMD -Wno-unused-variable -DHAVE_CONFIG_H -I. -I../.  -DDEBUG -D_GNU_SOURCE -I../PosixSocketClient/src -I../Shared -DIB_USE_STD_STRING -Wextra -MT TestPosixSocketClient-PosixTestClient.o -MD -MP -MF .deps/TestPosixSocketClient-PosixTestClient.Tpo   -c -o TwsCommonApp.o TwsCommonApp.cpp
g++ -Wno-unused-parameter -Wall  -g -O2 -MMD -Wno-unused-variable -DHAVE_CONFIG_H -I. -I../.  -DDEBUG -D_GNU_SOURCE -I../PosixSocketClient/src -I../Shared -DIB_USE_STD_STRING -Wextra -MT TestPosixSocketClient-PosixTestClient.o -MD -MP -MF .deps/TestPosixSocketClient-PosixTestClient.Tpo   -c -o ClientConnection.o ClientConnection.cpp
/bin/bash ../libtool  --tag=CXX   --mode=link g++ -Wall -Wextra -g -O2   -o twsWatcher twsWatcher-Main.o PosixTestClient.o TwsWatcher.o TwsCommonApp.o ClientConnection.o ../PosixSocketClient/libtwsapi.la 	
libtool: link: g++ -Wall -Wextra -g -O2 -o twsWatcher twsWatcher-Main.o PosixTestClient.o TwsWatcher.o TwsCommonApp.o ClientConnection.o  ../PosixSocketClient/.libs/libtwsapi.a
NYI: TwsWatcher.RunMain
NYI: ClientConnection::TryConnecting(unsigned uiAttempts)
Error: TwsWatcher: connection failed
steve@beast:~/projects/2017/broom/twsapi/twsapi/Watcher$ git add .
steve@beast:~/projects/2017/broom/twsapi/twsapi/Watcher$ git commit -m "Partial cleaned up map code."
[master 5f9fccd] Partial cleaned up map code.
 10 files changed, 340 insertions(+), 22 deletions(-)
 create mode 100644 Watcher/#c#
 create mode 120000 Watcher/.#c
 create mode 100644 Watcher/ClientConnection.cpp
 create mode 100644 Watcher/ClientConnection.h
 create mode 100644 Watcher/c
steve@beast:~/projects/2017/broom/twsapi/twsapi/Watcher$ git push
warning: push.default is unset; its implicit value has changed in
Git 2.0 from 'matching' to 'simple'. To squelch this message
and maintain the traditional behavior, use:

  git config --global push.default matching

To squelch this message and adopt the new behavior now, use:

  git config --global push.default simple

When push.default is set to 'matching', git will push local branches
to the remote branches that already exist with the same name.

Since Git 2.0, Git defaults to the more conservative 'simple'
behavior, which only pushes the current branch to the corresponding
remote branch that 'git pull' uses to update the current branch.

See 'git help config' and search for 'push.default' for further information.
(the 'simple' mode was introduced in Git 1.7.11. Use the similar mode
'current' instead of 'simple' if you sometimes use older versions of Git)

Username for 'https://github.com': sm1f
Password for 'https://sm1f@github.com': Work123!

Counting objects: 13, done.
Delta compression using up to 4 threads.
Compressing objects: 100% (11/11), done.
Writing objects: 100% (13/13), 4.38 KiB | 0 bytes/s, done.
Total 13 (delta 4), reused 0 (delta 0)
remote: Resolving deltas: 100% (4/4), completed with 4 local objects.        
To https://github.com/sm1f/twsapi.git
   81ec839..5f9fccd  master -> master
steve@beast:~/projects/2017/broom/twsapi/twsapi/Watcher$ get pull
No command 'get' found, but there are 18 similar ones
get: command not found
steve@beast:~/projects/2017/broom/twsapi/twsapi/Watcher$ git pull
Already up-to-date.
steve@beast:~/projects/2017/broom/twsapi/twsapi/Watcher$ mm
rm -f twsWatcher-Main.o PosixTestClient.o TwsCommonApp.o ClientConnection.o TwsWatcher.o twsWatcher-Main.d PosixTestClient.d TwsCommonApp.d ClientConnection.d TwsWatcher.d twsWatcher
g++ -Wno-unused-parameter -Wall  -g -O2 -MMD -Wno-unused-variable -DHAVE_CONFIG_H -I. -I../.  -DDEBUG -D_GNU_SOURCE -I../PosixSocketClient/src -I../Shared -DIB_USE_STD_STRING -Wextra -MT TestPosixSocketClient-PosixTestClient.o -MD -MP -MF .deps/TestPosixSocketClient-PosixTestClient.Tpo   -c -o twsWatcher-Main.o twsWatcher-Main.cpp
g++ -Wno-unused-parameter -Wall  -g -O2 -MMD -Wno-unused-variable -DHAVE_CONFIG_H -I. -I../.  -DDEBUG -D_GNU_SOURCE -I../PosixSocketClient/src -I../Shared -DIB_USE_STD_STRING -Wextra -MT TestPosixSocketClient-PosixTestClient.o -MD -MP -MF .deps/TestPosixSocketClient-PosixTestClient.Tpo   -c -o PosixTestClient.o PosixTestClient.cpp
g++ -Wno-unused-parameter -Wall  -g -O2 -MMD -Wno-unused-variable -DHAVE_CONFIG_H -I. -I../.  -DDEBUG -D_GNU_SOURCE -I../PosixSocketClient/src -I../Shared -DIB_USE_STD_STRING -Wextra -MT TestPosixSocketClient-PosixTestClient.o -MD -MP -MF .deps/TestPosixSocketClient-PosixTestClient.Tpo   -c -o TwsWatcher.o TwsWatcher.cpp
g++ -Wno-unused-parameter -Wall  -g -O2 -MMD -Wno-unused-variable -DHAVE_CONFIG_H -I. -I../.  -DDEBUG -D_GNU_SOURCE -I../PosixSocketClient/src -I../Shared -DIB_USE_STD_STRING -Wextra -MT TestPosixSocketClient-PosixTestClient.o -MD -MP -MF .deps/TestPosixSocketClient-PosixTestClient.Tpo   -c -o TwsCommonApp.o TwsCommonApp.cpp
g++ -Wno-unused-parameter -Wall  -g -O2 -MMD -Wno-unused-variable -DHAVE_CONFIG_H -I. -I../.  -DDEBUG -D_GNU_SOURCE -I../PosixSocketClient/src -I../Shared -DIB_USE_STD_STRING -Wextra -MT TestPosixSocketClient-PosixTestClient.o -MD -MP -MF .deps/TestPosixSocketClient-PosixTestClient.Tpo   -c -o ClientConnection.o ClientConnection.cpp
/bin/bash ../libtool  --tag=CXX   --mode=link g++ -Wall -Wextra -g -O2   -o twsWatcher twsWatcher-Main.o PosixTestClient.o TwsWatcher.o TwsCommonApp.o ClientConnection.o ../PosixSocketClient/libtwsapi.la 	
libtool: link: g++ -Wall -Wextra -g -O2 -o twsWatcher twsWatcher-Main.o PosixTestClient.o TwsWatcher.o TwsCommonApp.o ClientConnection.o  ../PosixSocketClient/.libs/libtwsapi.a
NYI: TwsWatcher.RunMain
NYI: ClientConnection::TryConnecting(unsigned uiAttempts)
Error: TwsWatcher: connection failed
steve@beast:~/projects/2017/broom/twsapi/twsapi/Watcher$ mm
rm -f twsWatcher-Main.o PosixTestClient.o TwsCommonApp.o ClientConnection.o TwsWatcher.o twsWatcher-Main.d PosixTestClient.d TwsCommonApp.d ClientConnection.d TwsWatcher.d twsWatcher
g++ -Wno-unused-parameter -Wall  -g -O2 -MMD -Wno-unused-variable -DHAVE_CONFIG_H -I. -I../.  -DDEBUG -D_GNU_SOURCE -I../PosixSocketClient/src -I../Shared -DIB_USE_STD_STRING -Wextra -MT TestPosixSocketClient-PosixTestClient.o -MD -MP -MF .deps/TestPosixSocketClient-PosixTestClient.Tpo   -c -o twsWatcher-Main.o twsWatcher-Main.cpp
In file included from TwsWatcher.h:6:0,
                 from twsWatcher-Main.cpp:16:
ClientConnection.h:21:51: error: ‘MyString’ has not been declared
   virtual bool TryConnecting(unsigned uiAttempts, MyString sHost, int iPort);
                                                   ^
ClientConnection.h:24:31: error: ‘MyString’ has not been declared
   virtual void DB(int iLevel, MyString text);
                               ^
<builtin>: recipe for target 'twsWatcher-Main.o' failed
make: *** [twsWatcher-Main.o] Error 1
bash: ./twsWatcher: No such file or directory
steve@beast:~/projects/2017/broom/twsapi/twsapi/Watcher$ mm
rm -f twsWatcher-Main.o PosixTestClient.o TwsWatcher.o TwsCommonApp.o ClientConnection.o twsWatcher-Main.d PosixTestClient.d TwsWatcher.d TwsCommonApp.d ClientConnection.d twsWatcher
g++ -Wno-unused-parameter -Wall  -g -O2 -MMD -Wno-unused-variable -DHAVE_CONFIG_H -I. -I../.  -DDEBUG -D_GNU_SOURCE -I../PosixSocketClient/src -I../Shared -DIB_USE_STD_STRING -Wextra -MT TestPosixSocketClient-PosixTestClient.o -MD -MP -MF .deps/TestPosixSocketClient-PosixTestClient.Tpo   -c -o twsWatcher-Main.o twsWatcher-Main.cpp
In file included from TwsWatcher.h:6:0,
                 from twsWatcher-Main.cpp:16:
ClientConnection.h:21:51: error: ‘MyString’ has not been declared
   virtual bool TryConnecting(unsigned uiAttempts, MyString sHost, int iPort);
                                                   ^
ClientConnection.h:24:31: error: ‘MyString’ has not been declared
   virtual void DB(int iLevel, MyString text);
                               ^
<builtin>: recipe for target 'twsWatcher-Main.o' failed
make: *** [twsWatcher-Main.o] Error 1
bash: ./twsWatcher: No such file or directory
steve@beast:~/projects/2017/broom/twsapi/twsapi/Watcher$ mm
rm -f twsWatcher-Main.o PosixTestClient.o TwsWatcher.o TwsCommonApp.o ClientConnection.o twsWatcher-Main.d PosixTestClient.d TwsWatcher.d TwsCommonApp.d ClientConnection.d twsWatcher
g++ -Wno-unused-parameter -Wall  -g -O2 -MMD -Wno-unused-variable -DHAVE_CONFIG_H -I. -I../.  -DDEBUG -D_GNU_SOURCE -I../PosixSocketClient/src -I../Shared -DIB_USE_STD_STRING -Wextra -MT TestPosixSocketClient-PosixTestClient.o -MD -MP -MF .deps/TestPosixSocketClient-PosixTestClient.Tpo   -c -o twsWatcher-Main.o twsWatcher-Main.cpp
In file included from TwsWatcher.h:6:0,
                 from twsWatcher-Main.cpp:16:
ClientConnection.h:24:31: error: ‘MyString’ has not been declared
   virtual void DB(int iLevel, MyString text);
                               ^
<builtin>: recipe for target 'twsWatcher-Main.o' failed
make: *** [twsWatcher-Main.o] Error 1
bash: ./twsWatcher: No such file or directory
steve@beast:~/projects/2017/broom/twsapi/twsapi/Watcher$ mm
rm -f twsWatcher-Main.o PosixTestClient.o TwsWatcher.o TwsCommonApp.o ClientConnection.o twsWatcher-Main.d PosixTestClient.d TwsWatcher.d TwsCommonApp.d ClientConnection.d twsWatcher
g++ -Wno-unused-parameter -Wall  -g -O2 -MMD -Wno-unused-variable -DHAVE_CONFIG_H -I. -I../.  -DDEBUG -D_GNU_SOURCE -I../PosixSocketClient/src -I../Shared -DIB_USE_STD_STRING -Wextra -MT TestPosixSocketClient-PosixTestClient.o -MD -MP -MF .deps/TestPosixSocketClient-PosixTestClient.Tpo   -c -o twsWatcher-Main.o twsWatcher-Main.cpp
g++ -Wno-unused-parameter -Wall  -g -O2 -MMD -Wno-unused-variable -DHAVE_CONFIG_H -I. -I../.  -DDEBUG -D_GNU_SOURCE -I../PosixSocketClient/src -I../Shared -DIB_USE_STD_STRING -Wextra -MT TestPosixSocketClient-PosixTestClient.o -MD -MP -MF .deps/TestPosixSocketClient-PosixTestClient.Tpo   -c -o PosixTestClient.o PosixTestClient.cpp
g++ -Wno-unused-parameter -Wall  -g -O2 -MMD -Wno-unused-variable -DHAVE_CONFIG_H -I. -I../.  -DDEBUG -D_GNU_SOURCE -I../PosixSocketClient/src -I../Shared -DIB_USE_STD_STRING -Wextra -MT TestPosixSocketClient-PosixTestClient.o -MD -MP -MF .deps/TestPosixSocketClient-PosixTestClient.Tpo   -c -o TwsWatcher.o TwsWatcher.cpp
In file included from TwsWatcher.cpp:14:0:
TwsWatcher.h: In constructor ‘TwsApp::TwsWatcher::TwsWatcher(int, const char**)’:
TwsWatcher.h:17:7: warning: ‘TwsApp::TwsWatcher::iPort’ will be initialized after [-Wreorder]
   int iPort;
       ^
TwsWatcher.h:16:12: warning:   ‘const char* TwsApp::TwsWatcher::sHost’ [-Wreorder]
   MyString sHost;
            ^
TwsWatcher.cpp:21:1: warning:   when initialized here [-Wreorder]
 TwsWatcher::TwsWatcher(int iArgCount, const char** asArgs)
 ^
g++ -Wno-unused-parameter -Wall  -g -O2 -MMD -Wno-unused-variable -DHAVE_CONFIG_H -I. -I../.  -DDEBUG -D_GNU_SOURCE -I../PosixSocketClient/src -I../Shared -DIB_USE_STD_STRING -Wextra -MT TestPosixSocketClient-PosixTestClient.o -MD -MP -MF .deps/TestPosixSocketClient-PosixTestClient.Tpo   -c -o TwsCommonApp.o TwsCommonApp.cpp
g++ -Wno-unused-parameter -Wall  -g -O2 -MMD -Wno-unused-variable -DHAVE_CONFIG_H -I. -I../.  -DDEBUG -D_GNU_SOURCE -I../PosixSocketClient/src -I../Shared -DIB_USE_STD_STRING -Wextra -MT TestPosixSocketClient-PosixTestClient.o -MD -MP -MF .deps/TestPosixSocketClient-PosixTestClient.Tpo   -c -o ClientConnection.o ClientConnection.cpp
/bin/bash ../libtool  --tag=CXX   --mode=link g++ -Wall -Wextra -g -O2   -o twsWatcher twsWatcher-Main.o PosixTestClient.o TwsWatcher.o TwsCommonApp.o ClientConnection.o ../PosixSocketClient/libtwsapi.la 	
libtool: link: g++ -Wall -Wextra -g -O2 -o twsWatcher twsWatcher-Main.o PosixTestClient.o TwsWatcher.o TwsCommonApp.o ClientConnection.o  ../PosixSocketClient/.libs/libtwsapi.a
Connecting to 127.0.0.1:7496 clientId:-4927536
Connected to 127.0.0.1:7496 clientId:-4927536
NYI: ClientConnection::TryConnecting(unsigned uiAttempts)
Error: TwsWatcher: connection failed
NYI: TwsWatcher.RunMain
steve@beast:~/projects/2017/broom/twsapi/twsapi/Watcher$ mm
rm -f twsWatcher-Main.o PosixTestClient.o TwsCommonApp.o ClientConnection.o TwsWatcher.o twsWatcher-Main.d PosixTestClient.d TwsCommonApp.d ClientConnection.d TwsWatcher.d twsWatcher
g++ -Wno-unused-parameter -Wall  -g -O2 -MMD -Wno-unused-variable -DHAVE_CONFIG_H -I. -I../.  -DDEBUG -D_GNU_SOURCE -I../PosixSocketClient/src -I../Shared -DIB_USE_STD_STRING -Wextra -MT TestPosixSocketClient-PosixTestClient.o -MD -MP -MF .deps/TestPosixSocketClient-PosixTestClient.Tpo   -c -o twsWatcher-Main.o twsWatcher-Main.cpp
g++ -Wno-unused-parameter -Wall  -g -O2 -MMD -Wno-unused-variable -DHAVE_CONFIG_H -I. -I../.  -DDEBUG -D_GNU_SOURCE -I../PosixSocketClient/src -I../Shared -DIB_USE_STD_STRING -Wextra -MT TestPosixSocketClient-PosixTestClient.o -MD -MP -MF .deps/TestPosixSocketClient-PosixTestClient.Tpo   -c -o PosixTestClient.o PosixTestClient.cpp
g++ -Wno-unused-parameter -Wall  -g -O2 -MMD -Wno-unused-variable -DHAVE_CONFIG_H -I. -I../.  -DDEBUG -D_GNU_SOURCE -I../PosixSocketClient/src -I../Shared -DIB_USE_STD_STRING -Wextra -MT TestPosixSocketClient-PosixTestClient.o -MD -MP -MF .deps/TestPosixSocketClient-PosixTestClient.Tpo   -c -o TwsWatcher.o TwsWatcher.cpp
g++ -Wno-unused-parameter -Wall  -g -O2 -MMD -Wno-unused-variable -DHAVE_CONFIG_H -I. -I../.  -DDEBUG -D_GNU_SOURCE -I../PosixSocketClient/src -I../Shared -DIB_USE_STD_STRING -Wextra -MT TestPosixSocketClient-PosixTestClient.o -MD -MP -MF .deps/TestPosixSocketClient-PosixTestClient.Tpo   -c -o TwsCommonApp.o TwsCommonApp.cpp
g++ -Wno-unused-parameter -Wall  -g -O2 -MMD -Wno-unused-variable -DHAVE_CONFIG_H -I. -I../.  -DDEBUG -D_GNU_SOURCE -I../PosixSocketClient/src -I../Shared -DIB_USE_STD_STRING -Wextra -MT TestPosixSocketClient-PosixTestClient.o -MD -MP -MF .deps/TestPosixSocketClient-PosixTestClient.Tpo   -c -o ClientConnection.o ClientConnection.cpp
/bin/bash ../libtool  --tag=CXX   --mode=link g++ -Wall -Wextra -g -O2   -o twsWatcher twsWatcher-Main.o PosixTestClient.o TwsWatcher.o TwsCommonApp.o ClientConnection.o ../PosixSocketClient/libtwsapi.la 	
libtool: link: g++ -Wall -Wextra -g -O2 -o twsWatcher twsWatcher-Main.o PosixTestClient.o TwsWatcher.o TwsCommonApp.o ClientConnection.o  ../PosixSocketClient/.libs/libtwsapi.a
Connecting to 127.0.0.1:7496 clientId:912156032
Connected to 127.0.0.1:7496 clientId:912156032
NYI: ClientConnection::TryConnecting(unsigned uiAttempts)
Error: TwsWatcher: connection failed
NYI: TwsWatcher.RunMain
steve@beast:~/projects/2017/broom/twsapi/twsapi/Watcher$ grep posixTextClient *
ClientConnection.cpp:  posixTextClient.connect( sHost, iPort, iClientId);
ClientConnection.h:  IB::PosixTestClient posixTextClient;
Binary file ClientConnection.o matches
Binary file twsWatcher matches
steve@beast:~/projects/2017/broom/twsapi/twsapi/Watcher$ grep posixTextClient ../
grep: ../: Is a directory
steve@beast:~/projects/2017/broom/twsapi/twsapi/Watcher$ grep -R posixTextClient ../
grep: ../Watcher/.#c: No such file or directory
../Watcher/ClientConnection.h:  IB::PosixTestClient posixTextClient;
Binary file ../Watcher/ClientConnection.o matches
../Watcher/ClientConnection.cpp:  posixTextClient.connect( sHost, iPort, iClientId);
Binary file ../Watcher/twsWatcher matches
steve@beast:~/projects/2017/broom/twsapi/twsapi/Watcher$ grep PosixTestClient *
#c#:rm -f twsWatcher-Main.o PosixTestClient.o TwsCommonApp.o ClientConnection.o TwsWatcher.o twsWatcher-Main.d PosixTestClient.d TwsCommonApp.d ClientConnection.d TwsWatcher.d twsWatcher
#c#:g++ -Wno-unused-parameter -Wall  -g -O2 -MMD -Wno-unused-variable -DHAVE_CONFIG_H -I. -I../.  -DDEBUG -D_GNU_SOURCE -I../PosixSocketClient/src -I../Shared -DIB_USE_STD_STRING -Wextra -MT TestPosixSocketClient-PosixTestClient.o -MD -MP -MF .deps/TestPosixSocketClient-PosixTestClient.Tpo   -c -o twsWatcher-Main.o twsWatcher-Main.cpp
#c#:g++ -Wno-unused-parameter -Wall  -g -O2 -MMD -Wno-unused-variable -DHAVE_CONFIG_H -I. -I../.  -DDEBUG -D_GNU_SOURCE -I../PosixSocketClient/src -I../Shared -DIB_USE_STD_STRING -Wextra -MT TestPosixSocketClient-PosixTestClient.o -MD -MP -MF .deps/TestPosixSocketClient-PosixTestClient.Tpo   -c -o PosixTestClient.o PosixTestClient.cpp
#c#:g++ -Wno-unused-parameter -Wall  -g -O2 -MMD -Wno-unused-variable -DHAVE_CONFIG_H -I. -I../.  -DDEBUG -D_GNU_SOURCE -I../PosixSocketClient/src -I../Shared -DIB_USE_STD_STRING -Wextra -MT TestPosixSocketClient-PosixTestClient.o -MD -MP -MF .deps/TestPosixSocketClient-PosixTestClient.Tpo   -c -o TwsWatcher.o TwsWatcher.cpp
#c#:g++ -Wno-unused-parameter -Wall  -g -O2 -MMD -Wno-unused-variable -DHAVE_CONFIG_H -I. -I../.  -DDEBUG -D_GNU_SOURCE -I../PosixSocketClient/src -I../Shared -DIB_USE_STD_STRING -Wextra -MT TestPosixSocketClient-PosixTestClient.o -MD -MP -MF .deps/TestPosixSocketClient-PosixTestClient.Tpo   -c -o TwsCommonApp.o TwsCommonApp.cpp
#c#:rm -f twsWatcher-Main.o PosixTestClient.o TwsCommonApp.o ClientConnection.o TwsWatcher.o twsWatcher-Main.d PosixTestClient.d TwsCommonApp.d ClientConnection.d TwsWatcher.d twsWatcher
#c#:g++ -Wno-unused-parameter -Wall  -g -O2 -MMD -Wno-unused-variable -DHAVE_CONFIG_H -I. -I../.  -DDEBUG -D_GNU_SOURCE -I../PosixSocketClient/src -I../Shared -DIB_USE_STD_STRING -Wextra -MT TestPosixSocketClient-PosixTestClient.o -MD -MP -MF .deps/TestPosixSocketClient-PosixTestClient.Tpo   -c -o twsWatcher-Main.o twsWatcher-Main.cpp
#c#:g++ -Wno-unused-parameter -Wall  -g -O2 -MMD -Wno-unused-variable -DHAVE_CONFIG_H -I. -I../.  -DDEBUG -D_GNU_SOURCE -I../PosixSocketClient/src -I../Shared -DIB_USE_STD_STRING -Wextra -MT TestPosixSocketClient-PosixTestClient.o -MD -MP -MF .deps/TestPosixSocketClient-PosixTestClient.Tpo   -c -o PosixTestClient.o PosixTestClient.cpp
#c#:g++ -Wno-unused-parameter -Wall  -g -O2 -MMD -Wno-unused-variable -DHAVE_CONFIG_H -I. -I../.  -DDEBUG -D_GNU_SOURCE -I../PosixSocketClient/src -I../Shared -DIB_USE_STD_STRING -Wextra -MT TestPosixSocketClient-PosixTestClient.o -MD -MP -MF .deps/TestPosixSocketClient-PosixTestClient.Tpo   -c -o TwsWatcher.o TwsWatcher.cpp
#c#:g++ -Wno-unused-parameter -Wall  -g -O2 -MMD -Wno-unused-variable -DHAVE_CONFIG_H -I. -I../.  -DDEBUG -D_GNU_SOURCE -I../PosixSocketClient/src -I../Shared -DIB_USE_STD_STRING -Wextra -MT TestPosixSocketClient-PosixTestClient.o -MD -MP -MF .deps/TestPosixSocketClient-PosixTestClient.Tpo   -c -o TwsCommonApp.o TwsCommonApp.cpp
#c#:rm -f twsWatcher-Main.o PosixTestClient.o TwsCommonApp.o ClientConnection.o TwsWatcher.o twsWatcher-Main.d PosixTestClient.d TwsCommonApp.d ClientConnection.d TwsWatcher.d twsWatcher
#c#:g++ -Wno-unused-parameter -Wall  -g -O2 -MMD -Wno-unused-variable -DHAVE_CONFIG_H -I. -I../.  -DDEBUG -D_GNU_SOURCE -I../PosixSocketClient/src -I../Shared -DIB_USE_STD_STRING -Wextra -MT TestPosixSocketClient-PosixTestClient.o -MD -MP -MF .deps/TestPosixSocketClient-PosixTestClient.Tpo   -c -o twsWatcher-Main.o twsWatcher-Main.cpp
#c#:g++ -Wno-unused-parameter -Wall  -g -O2 -MMD -Wno-unused-variable -DHAVE_CONFIG_H -I. -I../.  -DDEBUG -D_GNU_SOURCE -I../PosixSocketClient/src -I../Shared -DIB_USE_STD_STRING -Wextra -MT TestPosixSocketClient-PosixTestClient.o -MD -MP -MF .deps/TestPosixSocketClient-PosixTestClient.Tpo   -c -o PosixTestClient.o PosixTestClient.cpp
#c#:g++ -Wno-unused-parameter -Wall  -g -O2 -MMD -Wno-unused-variable -DHAVE_CONFIG_H -I. -I../.  -DDEBUG -D_GNU_SOURCE -I../PosixSocketClient/src -I../Shared -DIB_USE_STD_STRING -Wextra -MT TestPosixSocketClient-PosixTestClient.o -MD -MP -MF .deps/TestPosixSocketClient-PosixTestClient.Tpo   -c -o TwsWatcher.o TwsWatcher.cpp
#c#:g++ -Wno-unused-parameter -Wall  -g -O2 -MMD -Wno-unused-variable -DHAVE_CONFIG_H -I. -I../.  -DDEBUG -D_GNU_SOURCE -I../PosixSocketClient/src -I../Shared -DIB_USE_STD_STRING -Wextra -MT TestPosixSocketClient-PosixTestClient.o -MD -MP -MF .deps/TestPosixSocketClient-PosixTestClient.Tpo   -c -o TwsCommonApp.o TwsCommonApp.cpp
#c#:g++ -Wno-unused-parameter -Wall  -g -O2 -MMD -Wno-unused-variable -DHAVE_CONFIG_H -I. -I../.  -DDEBUG -D_GNU_SOURCE -I../PosixSocketClient/src -I../Shared -DIB_USE_STD_STRING -Wextra -MT TestPosixSocketClient-PosixTestClient.o -MD -MP -MF .deps/TestPosixSocketClient-PosixTestClient.Tpo   -c -o ClientConnection.o ClientConnection.cpp
#c#:/bin/bash ../libtool  --tag=CXX   --mode=link g++ -Wall -Wextra -g -O2   -o twsWatcher twsWatcher-Main.o PosixTestClient.o TwsWatcher.o TwsCommonApp.o ClientConnection.o ../PosixSocketClient/libtwsapi.la 	
#c#:libtool: link: g++ -Wall -Wextra -g -O2 -o twsWatcher twsWatcher-Main.o PosixTestClient.o TwsWatcher.o TwsCommonApp.o ClientConnection.o  ../PosixSocketClient/.libs/libtwsapi.a
#c#:rm -f twsWatcher-Main.o PosixTestClient.o TwsCommonApp.o ClientConnection.o TwsWatcher.o twsWatcher-Main.d PosixTestClient.d TwsCommonApp.d ClientConnection.d TwsWatcher.d twsWatcher
#c#:g++ -Wno-unused-parameter -Wall  -g -O2 -MMD -Wno-unused-variable -DHAVE_CONFIG_H -I. -I../.  -DDEBUG -D_GNU_SOURCE -I../PosixSocketClient/src -I../Shared -DIB_USE_STD_STRING -Wextra -MT TestPosixSocketClient-PosixTestClient.o -MD -MP -MF .deps/TestPosixSocketClient-PosixTestClient.Tpo   -c -o twsWatcher-Main.o twsWatcher-Main.cpp
#c#:g++ -Wno-unused-parameter -Wall  -g -O2 -MMD -Wno-unused-variable -DHAVE_CONFIG_H -I. -I../.  -DDEBUG -D_GNU_SOURCE -I../PosixSocketClient/src -I../Shared -DIB_USE_STD_STRING -Wextra -MT TestPosixSocketClient-PosixTestClient.o -MD -MP -MF .deps/TestPosixSocketClient-PosixTestClient.Tpo   -c -o PosixTestClient.o PosixTestClient.cpp
#c#:g++ -Wno-unused-parameter -Wall  -g -O2 -MMD -Wno-unused-variable -DHAVE_CONFIG_H -I. -I../.  -DDEBUG -D_GNU_SOURCE -I../PosixSocketClient/src -I../Shared -DIB_USE_STD_STRING -Wextra -MT TestPosixSocketClient-PosixTestClient.o -MD -MP -MF .deps/TestPosixSocketClient-PosixTestClient.Tpo   -c -o TwsWatcher.o TwsWatcher.cpp
#c#:g++ -Wno-unused-parameter -Wall  -g -O2 -MMD -Wno-unused-variable -DHAVE_CONFIG_H -I. -I../.  -DDEBUG -D_GNU_SOURCE -I../PosixSocketClient/src -I../Shared -DIB_USE_STD_STRING -Wextra -MT TestPosixSocketClient-PosixTestClient.o -MD -MP -MF .deps/TestPosixSocketClient-PosixTestClient.Tpo   -c -o TwsCommonApp.o TwsCommonApp.cpp
#c#:rm -f twsWatcher-Main.o PosixTestClient.o TwsCommonApp.o ClientConnection.o TwsWatcher.o twsWatcher-Main.d PosixTestClient.d TwsCommonApp.d ClientConnection.d TwsWatcher.d twsWatcher
#c#:g++ -Wno-unused-parameter -Wall  -g -O2 -MMD -Wno-unused-variable -DHAVE_CONFIG_H -I. -I../.  -DDEBUG -D_GNU_SOURCE -I../PosixSocketClient/src -I../Shared -DIB_USE_STD_STRING -Wextra -MT TestPosixSocketClient-PosixTestClient.o -MD -MP -MF .deps/TestPosixSocketClient-PosixTestClient.Tpo   -c -o twsWatcher-Main.o twsWatcher-Main.cpp
#c#:g++ -Wno-unused-parameter -Wall  -g -O2 -MMD -Wno-unused-variable -DHAVE_CONFIG_H -I. -I../.  -DDEBUG -D_GNU_SOURCE -I../PosixSocketClient/src -I../Shared -DIB_USE_STD_STRING -Wextra -MT TestPosixSocketClient-PosixTestClient.o -MD -MP -MF .deps/TestPosixSocketClient-PosixTestClient.Tpo   -c -o PosixTestClient.o PosixTestClient.cpp
#c#:g++ -Wno-unused-parameter -Wall  -g -O2 -MMD -Wno-unused-variable -DHAVE_CONFIG_H -I. -I../.  -DDEBUG -D_GNU_SOURCE -I../PosixSocketClient/src -I../Shared -DIB_USE_STD_STRING -Wextra -MT TestPosixSocketClient-PosixTestClient.o -MD -MP -MF .deps/TestPosixSocketClient-PosixTestClient.Tpo   -c -o TwsWatcher.o TwsWatcher.cpp
#c#:g++ -Wno-unused-parameter -Wall  -g -O2 -MMD -Wno-unused-variable -DHAVE_CONFIG_H -I. -I../.  -DDEBUG -D_GNU_SOURCE -I../PosixSocketClient/src -I../Shared -DIB_USE_STD_STRING -Wextra -MT TestPosixSocketClient-PosixTestClient.o -MD -MP -MF .deps/TestPosixSocketClient-PosixTestClient.Tpo   -c -o TwsCommonApp.o TwsCommonApp.cpp
#c#:g++ -Wno-unused-parameter -Wall  -g -O2 -MMD -Wno-unused-variable -DHAVE_CONFIG_H -I. -I../.  -DDEBUG -D_GNU_SOURCE -I../PosixSocketClient/src -I../Shared -DIB_USE_STD_STRING -Wextra -MT TestPosixSocketClient-PosixTestClient.o -MD -MP -MF .deps/TestPosixSocketClient-PosixTestClient.Tpo   -c -o ClientConnection.o ClientConnection.cpp
#c#:/bin/bash ../libtool  --tag=CXX   --mode=link g++ -Wall -Wextra -g -O2   -o twsWatcher twsWatcher-Main.o PosixTestClient.o TwsWatcher.o TwsCommonApp.o ClientConnection.o ../PosixSocketClient/libtwsapi.la 	
#c#:libtool: link: g++ -Wall -Wextra -g -O2 -o twsWatcher twsWatcher-Main.o PosixTestClient.o TwsWatcher.o TwsCommonApp.o ClientConnection.o  ../PosixSocketClient/.libs/libtwsapi.a
#c#:rm -f twsWatcher-Main.o PosixTestClient.o TwsCommonApp.o ClientConnection.o TwsWatcher.o twsWatcher-Main.d PosixTestClient.d TwsCommonApp.d ClientConnection.d TwsWatcher.d twsWatcher
#c#:g++ -Wno-unused-parameter -Wall  -g -O2 -MMD -Wno-unused-variable -DHAVE_CONFIG_H -I. -I../.  -DDEBUG -D_GNU_SOURCE -I../PosixSocketClient/src -I../Shared -DIB_USE_STD_STRING -Wextra -MT TestPosixSocketClient-PosixTestClient.o -MD -MP -MF .deps/TestPosixSocketClient-PosixTestClient.Tpo   -c -o twsWatcher-Main.o twsWatcher-Main.cpp
#c#:g++ -Wno-unused-parameter -Wall  -g -O2 -MMD -Wno-unused-variable -DHAVE_CONFIG_H -I. -I../.  -DDEBUG -D_GNU_SOURCE -I../PosixSocketClient/src -I../Shared -DIB_USE_STD_STRING -Wextra -MT TestPosixSocketClient-PosixTestClient.o -MD -MP -MF .deps/TestPosixSocketClient-PosixTestClient.Tpo   -c -o PosixTestClient.o PosixTestClient.cpp
#c#:g++ -Wno-unused-parameter -Wall  -g -O2 -MMD -Wno-unused-variable -DHAVE_CONFIG_H -I. -I../.  -DDEBUG -D_GNU_SOURCE -I../PosixSocketClient/src -I../Shared -DIB_USE_STD_STRING -Wextra -MT TestPosixSocketClient-PosixTestClient.o -MD -MP -MF .deps/TestPosixSocketClient-PosixTestClient.Tpo   -c -o TwsWatcher.o TwsWatcher.cpp
#c#:g++ -Wno-unused-parameter -Wall  -g -O2 -MMD -Wno-unused-variable -DHAVE_CONFIG_H -I. -I../.  -DDEBUG -D_GNU_SOURCE -I../PosixSocketClient/src -I../Shared -DIB_USE_STD_STRING -Wextra -MT TestPosixSocketClient-PosixTestClient.o -MD -MP -MF .deps/TestPosixSocketClient-PosixTestClient.Tpo   -c -o TwsCommonApp.o TwsCommonApp.cpp
#c#:rm -f twsWatcher-Main.o PosixTestClient.o TwsCommonApp.o ClientConnection.o TwsWatcher.o twsWatcher-Main.d PosixTestClient.d TwsCommonApp.d ClientConnection.d TwsWatcher.d twsWatcher
#c#:g++ -Wno-unused-parameter -Wall  -g -O2 -MMD -Wno-unused-variable -DHAVE_CONFIG_H -I. -I../.  -DDEBUG -D_GNU_SOURCE -I../PosixSocketClient/src -I../Shared -DIB_USE_STD_STRING -Wextra -MT TestPosixSocketClient-PosixTestClient.o -MD -MP -MF .deps/TestPosixSocketClient-PosixTestClient.Tpo   -c -o twsWatcher-Main.o twsWatcher-Main.cpp
#c#:g++ -Wno-unused-parameter -Wall  -g -O2 -MMD -Wno-unused-variable -DHAVE_CONFIG_H -I. -I../.  -DDEBUG -D_GNU_SOURCE -I../PosixSocketClient/src -I../Shared -DIB_USE_STD_STRING -Wextra -MT TestPosixSocketClient-PosixTestClient.o -MD -MP -MF .deps/TestPosixSocketClient-PosixTestClient.Tpo   -c -o PosixTestClient.o PosixTestClient.cpp
#c#:g++ -Wno-unused-parameter -Wall  -g -O2 -MMD -Wno-unused-variable -DHAVE_CONFIG_H -I. -I../.  -DDEBUG -D_GNU_SOURCE -I../PosixSocketClient/src -I../Shared -DIB_USE_STD_STRING -Wextra -MT TestPosixSocketClient-PosixTestClient.o -MD -MP -MF .deps/TestPosixSocketClient-PosixTestClient.Tpo   -c -o TwsWatcher.o TwsWatcher.cpp
#c#:g++ -Wno-unused-parameter -Wall  -g -O2 -MMD -Wno-unused-variable -DHAVE_CONFIG_H -I. -I../.  -DDEBUG -D_GNU_SOURCE -I../PosixSocketClient/src -I../Shared -DIB_USE_STD_STRING -Wextra -MT TestPosixSocketClient-PosixTestClient.o -MD -MP -MF .deps/TestPosixSocketClient-PosixTestClient.Tpo   -c -o TwsCommonApp.o TwsCommonApp.cpp
#c#:rm -f twsWatcher-Main.o PosixTestClient.o TwsCommonApp.o ClientConnection.o TwsWatcher.o twsWatcher-Main.d PosixTestClient.d TwsCommonApp.d ClientConnection.d TwsWatcher.d twsWatcher
#c#:g++ -Wno-unused-parameter -Wall  -g -O2 -MMD -Wno-unused-variable -DHAVE_CONFIG_H -I. -I../.  -DDEBUG -D_GNU_SOURCE -I../PosixSocketClient/src -I../Shared -DIB_USE_STD_STRING -Wextra -MT TestPosixSocketClient-PosixTestClient.o -MD -MP -MF .deps/TestPosixSocketClient-PosixTestClient.Tpo   -c -o twsWatcher-Main.o twsWatcher-Main.cpp
#c#:g++ -Wno-unused-parameter -Wall  -g -O2 -MMD -Wno-unused-variable -DHAVE_CONFIG_H -I. -I../.  -DDEBUG -D_GNU_SOURCE -I../PosixSocketClient/src -I../Shared -DIB_USE_STD_STRING -Wextra -MT TestPosixSocketClient-PosixTestClient.o -MD -MP -MF .deps/TestPosixSocketClient-PosixTestClient.Tpo   -c -o PosixTestClient.o PosixTestClient.cpp
#c#:g++ -Wno-unused-parameter -Wall  -g -O2 -MMD -Wno-unused-variable -DHAVE_CONFIG_H -I. -I../.  -DDEBUG -D_GNU_SOURCE -I../PosixSocketClient/src -I../Shared -DIB_USE_STD_STRING -Wextra -MT TestPosixSocketClient-PosixTestClient.o -MD -MP -MF .deps/TestPosixSocketClient-PosixTestClient.Tpo   -c -o TwsWatcher.o TwsWatcher.cpp
#c#:g++ -Wno-unused-parameter -Wall  -g -O2 -MMD -Wno-unused-variable -DHAVE_CONFIG_H -I. -I../.  -DDEBUG -D_GNU_SOURCE -I../PosixSocketClient/src -I../Shared -DIB_USE_STD_STRING -Wextra -MT TestPosixSocketClient-PosixTestClient.o -MD -MP -MF .deps/TestPosixSocketClient-PosixTestClient.Tpo   -c -o TwsCommonApp.o TwsCommonApp.cpp
#c#:g++ -Wno-unused-parameter -Wall  -g -O2 -MMD -Wno-unused-variable -DHAVE_CONFIG_H -I. -I../.  -DDEBUG -D_GNU_SOURCE -I../PosixSocketClient/src -I../Shared -DIB_USE_STD_STRING -Wextra -MT TestPosixSocketClient-PosixTestClient.o -MD -MP -MF .deps/TestPosixSocketClient-PosixTestClient.Tpo   -c -o ClientConnection.o ClientConnection.cpp
#c#:/bin/bash ../libtool  --tag=CXX   --mode=link g++ -Wall -Wextra -g -O2   -o twsWatcher twsWatcher-Main.o PosixTestClient.o TwsWatcher.o TwsCommonApp.o ClientConnection.o ../PosixSocketClient/libtwsapi.la 	
#c#:libtool: link: g++ -Wall -Wextra -g -O2 -o twsWatcher twsWatcher-Main.o PosixTestClient.o TwsWatcher.o TwsCommonApp.o ClientConnection.o  ../PosixSocketClient/.libs/libtwsapi.a
#c#:rm -f twsWatcher-Main.o PosixTestClient.o TwsCommonApp.o ClientConnection.o TwsWatcher.o twsWatcher-Main.d PosixTestClient.d TwsCommonApp.d ClientConnection.d TwsWatcher.d twsWatcher
#c#:g++ -Wno-unused-parameter -Wall  -g -O2 -MMD -Wno-unused-variable -DHAVE_CONFIG_H -I. -I../.  -DDEBUG -D_GNU_SOURCE -I../PosixSocketClient/src -I../Shared -DIB_USE_STD_STRING -Wextra -MT TestPosixSocketClient-PosixTestClient.o -MD -MP -MF .deps/TestPosixSocketClient-PosixTestClient.Tpo   -c -o twsWatcher-Main.o twsWatcher-Main.cpp
#c#:g++ -Wno-unused-parameter -Wall  -g -O2 -MMD -Wno-unused-variable -DHAVE_CONFIG_H -I. -I../.  -DDEBUG -D_GNU_SOURCE -I../PosixSocketClient/src -I../Shared -DIB_USE_STD_STRING -Wextra -MT TestPosixSocketClient-PosixTestClient.o -MD -MP -MF .deps/TestPosixSocketClient-PosixTestClient.Tpo   -c -o PosixTestClient.o PosixTestClient.cpp
#c#:g++ -Wno-unused-parameter -Wall  -g -O2 -MMD -Wno-unused-variable -DHAVE_CONFIG_H -I. -I../.  -DDEBUG -D_GNU_SOURCE -I../PosixSocketClient/src -I../Shared -DIB_USE_STD_STRING -Wextra -MT TestPosixSocketClient-PosixTestClient.o -MD -MP -MF .deps/TestPosixSocketClient-PosixTestClient.Tpo   -c -o TwsWatcher.o TwsWatcher.cpp
#c#:g++ -Wno-unused-parameter -Wall  -g -O2 -MMD -Wno-unused-variable -DHAVE_CONFIG_H -I. -I../.  -DDEBUG -D_GNU_SOURCE -I../PosixSocketClient/src -I../Shared -DIB_USE_STD_STRING -Wextra -MT TestPosixSocketClient-PosixTestClient.o -MD -MP -MF .deps/TestPosixSocketClient-PosixTestClient.Tpo   -c -o TwsCommonApp.o TwsCommonApp.cpp
#c#:g++ -Wno-unused-parameter -Wall  -g -O2 -MMD -Wno-unused-variable -DHAVE_CONFIG_H -I. -I../.  -DDEBUG -D_GNU_SOURCE -I../PosixSocketClient/src -I../Shared -DIB_USE_STD_STRING -Wextra -MT TestPosixSocketClient-PosixTestClient.o -MD -MP -MF .deps/TestPosixSocketClient-PosixTestClient.Tpo   -c -o ClientConnection.o ClientConnection.cpp
#c#:/bin/bash ../libtool  --tag=CXX   --mode=link g++ -Wall -Wextra -g -O2   -o twsWatcher twsWatcher-Main.o PosixTestClient.o TwsWatcher.o TwsCommonApp.o ClientConnection.o ../PosixSocketClient/libtwsapi.la 	
#c#:libtool: link: g++ -Wall -Wextra -g -O2 -o twsWatcher twsWatcher-Main.o PosixTestClient.o TwsWatcher.o TwsCommonApp.o ClientConnection.o  ../PosixSocketClient/.libs/libtwsapi.a
#c#:rm -f twsWatcher-Main.o PosixTestClient.o TwsCommonApp.o ClientConnection.o TwsWatcher.o twsWatcher-Main.d PosixTestClient.d TwsCommonApp.d ClientConnection.d TwsWatcher.d twsWatcher
#c#:g++ -Wno-unused-parameter -Wall  -g -O2 -MMD -Wno-unused-variable -DHAVE_CONFIG_H -I. -I../.  -DDEBUG -D_GNU_SOURCE -I../PosixSocketClient/src -I../Shared -DIB_USE_STD_STRING -Wextra -MT TestPosixSocketClient-PosixTestClient.o -MD -MP -MF .deps/TestPosixSocketClient-PosixTestClient.Tpo   -c -o twsWatcher-Main.o twsWatcher-Main.cpp
#c#:g++ -Wno-unused-parameter -Wall  -g -O2 -MMD -Wno-unused-variable -DHAVE_CONFIG_H -I. -I../.  -DDEBUG -D_GNU_SOURCE -I../PosixSocketClient/src -I../Shared -DIB_USE_STD_STRING -Wextra -MT TestPosixSocketClient-PosixTestClient.o -MD -MP -MF .deps/TestPosixSocketClient-PosixTestClient.Tpo   -c -o PosixTestClient.o PosixTestClient.cpp
#c#:g++ -Wno-unused-parameter -Wall  -g -O2 -MMD -Wno-unused-variable -DHAVE_CONFIG_H -I. -I../.  -DDEBUG -D_GNU_SOURCE -I../PosixSocketClient/src -I../Shared -DIB_USE_STD_STRING -Wextra -MT TestPosixSocketClient-PosixTestClient.o -MD -MP -MF .deps/TestPosixSocketClient-PosixTestClient.Tpo   -c -o TwsWatcher.o TwsWatcher.cpp
#c#:g++ -Wno-unused-parameter -Wall  -g -O2 -MMD -Wno-unused-variable -DHAVE_CONFIG_H -I. -I../.  -DDEBUG -D_GNU_SOURCE -I../PosixSocketClient/src -I../Shared -DIB_USE_STD_STRING -Wextra -MT TestPosixSocketClient-PosixTestClient.o -MD -MP -MF .deps/TestPosixSocketClient-PosixTestClient.Tpo   -c -o TwsCommonApp.o TwsCommonApp.cpp
#c#:g++ -Wno-unused-parameter -Wall  -g -O2 -MMD -Wno-unused-variable -DHAVE_CONFIG_H -I. -I../.  -DDEBUG -D_GNU_SOURCE -I../PosixSocketClient/src -I../Shared -DIB_USE_STD_STRING -Wextra -MT TestPosixSocketClient-PosixTestClient.o -MD -MP -MF .deps/TestPosixSocketClient-PosixTestClient.Tpo   -c -o ClientConnection.o ClientConnection.cpp
#c#:/bin/bash ../libtool  --tag=CXX   --mode=link g++ -Wall -Wextra -g -O2   -o twsWatcher twsWatcher-Main.o PosixTestClient.o TwsWatcher.o TwsCommonApp.o ClientConnection.o ../PosixSocketClient/libtwsapi.la 	
#c#:libtool: link: g++ -Wall -Wextra -g -O2 -o twsWatcher twsWatcher-Main.o PosixTestClient.o TwsWatcher.o TwsCommonApp.o ClientConnection.o  ../PosixSocketClient/.libs/libtwsapi.a
#c#:rm -f twsWatcher-Main.o PosixTestClient.o TwsCommonApp.o ClientConnection.o TwsWatcher.o twsWatcher-Main.d PosixTestClient.d TwsCommonApp.d ClientConnection.d TwsWatcher.d twsWatcher
#c#:g++ -Wno-unused-parameter -Wall  -g -O2 -MMD -Wno-unused-variable -DHAVE_CONFIG_H -I. -I../.  -DDEBUG -D_GNU_SOURCE -I../PosixSocketClient/src -I../Shared -DIB_USE_STD_STRING -Wextra -MT TestPosixSocketClient-PosixTestClient.o -MD -MP -MF .deps/TestPosixSocketClient-PosixTestClient.Tpo   -c -o twsWatcher-Main.o twsWatcher-Main.cpp
#c#:g++ -Wno-unused-parameter -Wall  -g -O2 -MMD -Wno-unused-variable -DHAVE_CONFIG_H -I. -I../.  -DDEBUG -D_GNU_SOURCE -I../PosixSocketClient/src -I../Shared -DIB_USE_STD_STRING -Wextra -MT TestPosixSocketClient-PosixTestClient.o -MD -MP -MF .deps/TestPosixSocketClient-PosixTestClient.Tpo   -c -o PosixTestClient.o PosixTestClient.cpp
#c#:g++ -Wno-unused-parameter -Wall  -g -O2 -MMD -Wno-unused-variable -DHAVE_CONFIG_H -I. -I../.  -DDEBUG -D_GNU_SOURCE -I../PosixSocketClient/src -I../Shared -DIB_USE_STD_STRING -Wextra -MT TestPosixSocketClient-PosixTestClient.o -MD -MP -MF .deps/TestPosixSocketClient-PosixTestClient.Tpo   -c -o TwsWatcher.o TwsWatcher.cpp
#c#:g++ -Wno-unused-parameter -Wall  -g -O2 -MMD -Wno-unused-variable -DHAVE_CONFIG_H -I. -I../.  -DDEBUG -D_GNU_SOURCE -I../PosixSocketClient/src -I../Shared -DIB_USE_STD_STRING -Wextra -MT TestPosixSocketClient-PosixTestClient.o -MD -MP -MF .deps/TestPosixSocketClient-PosixTestClient.Tpo   -c -o TwsCommonApp.o TwsCommonApp.cpp
#c#:g++ -Wno-unused-parameter -Wall  -g -O2 -MMD -Wno-unused-variable -DHAVE_CONFIG_H -I. -I../.  -DDEBUG -D_GNU_SOURCE -I../PosixSocketClient/src -I../Shared -DIB_USE_STD_STRING -Wextra -MT TestPosixSocketClient-PosixTestClient.o -MD -MP -MF .deps/TestPosixSocketClient-PosixTestClient.Tpo   -c -o ClientConnection.o ClientConnection.cpp
#c#:/bin/bash ../libtool  --tag=CXX   --mode=link g++ -Wall -Wextra -g -O2   -o twsWatcher twsWatcher-Main.o PosixTestClient.o TwsWatcher.o TwsCommonApp.o ClientConnection.o ../PosixSocketClient/libtwsapi.la 	
#c#:libtool: link: g++ -Wall -Wextra -g -O2 -o twsWatcher twsWatcher-Main.o PosixTestClient.o TwsWatcher.o TwsCommonApp.o ClientConnection.o  ../PosixSocketClient/.libs/libtwsapi.a
#c#:rm -f twsWatcher-Main.o PosixTestClient.o TwsCommonApp.o ClientConnection.o TwsWatcher.o twsWatcher-Main.d PosixTestClient.d TwsCommonApp.d ClientConnection.d TwsWatcher.d twsWatcher
#c#:g++ -Wno-unused-parameter -Wall  -g -O2 -MMD -Wno-unused-variable -DHAVE_CONFIG_H -I. -I../.  -DDEBUG -D_GNU_SOURCE -I../PosixSocketClient/src -I../Shared -DIB_USE_STD_STRING -Wextra -MT TestPosixSocketClient-PosixTestClient.o -MD -MP -MF .deps/TestPosixSocketClient-PosixTestClient.Tpo   -c -o twsWatcher-Main.o twsWatcher-Main.cpp
#c#:g++ -Wno-unused-parameter -Wall  -g -O2 -MMD -Wno-unused-variable -DHAVE_CONFIG_H -I. -I../.  -DDEBUG -D_GNU_SOURCE -I../PosixSocketClient/src -I../Shared -DIB_USE_STD_STRING -Wextra -MT TestPosixSocketClient-PosixTestClient.o -MD -MP -MF .deps/TestPosixSocketClient-PosixTestClient.Tpo   -c -o PosixTestClient.o PosixTestClient.cpp
#c#:g++ -Wno-unused-parameter -Wall  -g -O2 -MMD -Wno-unused-variable -DHAVE_CONFIG_H -I. -I../.  -DDEBUG -D_GNU_SOURCE -I../PosixSocketClient/src -I../Shared -DIB_USE_STD_STRING -Wextra -MT TestPosixSocketClient-PosixTestClient.o -MD -MP -MF .deps/TestPosixSocketClient-PosixTestClient.Tpo   -c -o TwsWatcher.o TwsWatcher.cpp
#c#:g++ -Wno-unused-parameter -Wall  -g -O2 -MMD -Wno-unused-variable -DHAVE_CONFIG_H -I. -I../.  -DDEBUG -D_GNU_SOURCE -I../PosixSocketClient/src -I../Shared -DIB_USE_STD_STRING -Wextra -MT TestPosixSocketClient-PosixTestClient.o -MD -MP -MF .deps/TestPosixSocketClient-PosixTestClient.Tpo   -c -o TwsCommonApp.o TwsCommonApp.cpp
#c#:g++ -Wno-unused-parameter -Wall  -g -O2 -MMD -Wno-unused-variable -DHAVE_CONFIG_H -I. -I../.  -DDEBUG -D_GNU_SOURCE -I../PosixSocketClient/src -I../Shared -DIB_USE_STD_STRING -Wextra -MT TestPosixSocketClient-PosixTestClient.o -MD -MP -MF .deps/TestPosixSocketClient-PosixTestClient.Tpo   -c -o ClientConnection.o ClientConnection.cpp
#c#:/bin/bash ../libtool  --tag=CXX   --mode=link g++ -Wall -Wextra -g -O2   -o twsWatcher twsWatcher-Main.o PosixTestClient.o TwsWatcher.o TwsCommonApp.o ClientConnection.o ../PosixSocketClient/libtwsapi.la 	
#c#:libtool: link: g++ -Wall -Wextra -g -O2 -o twsWatcher twsWatcher-Main.o PosixTestClient.o TwsWatcher.o TwsCommonApp.o ClientConnection.o  ../PosixSocketClient/.libs/libtwsapi.a
#c#:rm -f twsWatcher-Main.o PosixTestClient.o TwsCommonApp.o ClientConnection.o TwsWatcher.o twsWatcher-Main.d PosixTestClient.d TwsCommonApp.d ClientConnection.d TwsWatcher.d twsWatcher
#c#:g++ -Wno-unused-parameter -Wall  -g -O2 -MMD -Wno-unused-variable -DHAVE_CONFIG_H -I. -I../.  -DDEBUG -D_GNU_SOURCE -I../PosixSocketClient/src -I../Shared -DIB_USE_STD_STRING -Wextra -MT TestPosixSocketClient-PosixTestClient.o -MD -MP -MF .deps/TestPosixSocketClient-PosixTestClient.Tpo   -c -o twsWatcher-Main.o twsWatcher-Main.cpp
#c#:g++ -Wno-unused-parameter -Wall  -g -O2 -MMD -Wno-unused-variable -DHAVE_CONFIG_H -I. -I../.  -DDEBUG -D_GNU_SOURCE -I../PosixSocketClient/src -I../Shared -DIB_USE_STD_STRING -Wextra -MT TestPosixSocketClient-PosixTestClient.o -MD -MP -MF .deps/TestPosixSocketClient-PosixTestClient.Tpo   -c -o PosixTestClient.o PosixTestClient.cpp
#c#:g++ -Wno-unused-parameter -Wall  -g -O2 -MMD -Wno-unused-variable -DHAVE_CONFIG_H -I. -I../.  -DDEBUG -D_GNU_SOURCE -I../PosixSocketClient/src -I../Shared -DIB_USE_STD_STRING -Wextra -MT TestPosixSocketClient-PosixTestClient.o -MD -MP -MF .deps/TestPosixSocketClient-PosixTestClient.Tpo   -c -o TwsWatcher.o TwsWatcher.cpp
#c#:g++ -Wno-unused-parameter -Wall  -g -O2 -MMD -Wno-unused-variable -DHAVE_CONFIG_H -I. -I../.  -DDEBUG -D_GNU_SOURCE -I../PosixSocketClient/src -I../Shared -DIB_USE_STD_STRING -Wextra -MT TestPosixSocketClient-PosixTestClient.o -MD -MP -MF .deps/TestPosixSocketClient-PosixTestClient.Tpo   -c -o TwsCommonApp.o TwsCommonApp.cpp
#c#:g++ -Wno-unused-parameter -Wall  -g -O2 -MMD -Wno-unused-variable -DHAVE_CONFIG_H -I. -I../.  -DDEBUG -D_GNU_SOURCE -I../PosixSocketClient/src -I../Shared -DIB_USE_STD_STRING -Wextra -MT TestPosixSocketClient-PosixTestClient.o -MD -MP -MF .deps/TestPosixSocketClient-PosixTestClient.Tpo   -c -o ClientConnection.o ClientConnection.cpp
#c#:/bin/bash ../libtool  --tag=CXX   --mode=link g++ -Wall -Wextra -g -O2   -o twsWatcher twsWatcher-Main.o PosixTestClient.o TwsWatcher.o TwsCommonApp.o ClientConnection.o ../PosixSocketClient/libtwsapi.la 	
#c#:libtool: link: g++ -Wall -Wextra -g -O2 -o twsWatcher twsWatcher-Main.o PosixTestClient.o TwsWatcher.o TwsCommonApp.o ClientConnection.o  ../PosixSocketClient/.libs/libtwsapi.a
#c#:rm -f twsWatcher-Main.o PosixTestClient.o TwsCommonApp.o ClientConnection.o TwsWatcher.o twsWatcher-Main.d PosixTestClient.d TwsCommonApp.d ClientConnection.d TwsWatcher.d twsWatcher
#c#:g++ -Wno-unused-parameter -Wall  -g -O2 -MMD -Wno-unused-variable -DHAVE_CONFIG_H -I. -I../.  -DDEBUG -D_GNU_SOURCE -I../PosixSocketClient/src -I../Shared -DIB_USE_STD_STRING -Wextra -MT TestPosixSocketClient-PosixTestClient.o -MD -MP -MF .deps/TestPosixSocketClient-PosixTestClient.Tpo   -c -o twsWatcher-Main.o twsWatcher-Main.cpp
#c#:rm -f twsWatcher-Main.o PosixTestClient.o TwsWatcher.o TwsCommonApp.o ClientConnection.o twsWatcher-Main.d PosixTestClient.d TwsWatcher.d TwsCommonApp.d ClientConnection.d twsWatcher
#c#:g++ -Wno-unused-parameter -Wall  -g -O2 -MMD -Wno-unused-variable -DHAVE_CONFIG_H -I. -I../.  -DDEBUG -D_GNU_SOURCE -I../PosixSocketClient/src -I../Shared -DIB_USE_STD_STRING -Wextra -MT TestPosixSocketClient-PosixTestClient.o -MD -MP -MF .deps/TestPosixSocketClient-PosixTestClient.Tpo   -c -o twsWatcher-Main.o twsWatcher-Main.cpp
#c#:rm -f twsWatcher-Main.o PosixTestClient.o TwsWatcher.o TwsCommonApp.o ClientConnection.o twsWatcher-Main.d PosixTestClient.d TwsWatcher.d TwsCommonApp.d ClientConnection.d twsWatcher
#c#:g++ -Wno-unused-parameter -Wall  -g -O2 -MMD -Wno-unused-variable -DHAVE_CONFIG_H -I. -I../.  -DDEBUG -D_GNU_SOURCE -I../PosixSocketClient/src -I../Shared -DIB_USE_STD_STRING -Wextra -MT TestPosixSocketClient-PosixTestClient.o -MD -MP -MF .deps/TestPosixSocketClient-PosixTestClient.Tpo   -c -o twsWatcher-Main.o twsWatcher-Main.cpp
#c#:rm -f twsWatcher-Main.o PosixTestClient.o TwsWatcher.o TwsCommonApp.o ClientConnection.o twsWatcher-Main.d PosixTestClient.d TwsWatcher.d TwsCommonApp.d ClientConnection.d twsWatcher
#c#:g++ -Wno-unused-parameter -Wall  -g -O2 -MMD -Wno-unused-variable -DHAVE_CONFIG_H -I. -I../.  -DDEBUG -D_GNU_SOURCE -I../PosixSocketClient/src -I../Shared -DIB_USE_STD_STRING -Wextra -MT TestPosixSocketClient-PosixTestClient.o -MD -MP -MF .deps/TestPosixSocketClient-PosixTestClient.Tpo   -c -o twsWatcher-Main.o twsWatcher-Main.cpp
#c#:g++ -Wno-unused-parameter -Wall  -g -O2 -MMD -Wno-unused-variable -DHAVE_CONFIG_H -I. -I../.  -DDEBUG -D_GNU_SOURCE -I../PosixSocketClient/src -I../Shared -DIB_USE_STD_STRING -Wextra -MT TestPosixSocketClient-PosixTestClient.o -MD -MP -MF .deps/TestPosixSocketClient-PosixTestClient.Tpo   -c -o PosixTestClient.o PosixTestClient.cpp
#c#:g++ -Wno-unused-parameter -Wall  -g -O2 -MMD -Wno-unused-variable -DHAVE_CONFIG_H -I. -I../.  -DDEBUG -D_GNU_SOURCE -I../PosixSocketClient/src -I../Shared -DIB_USE_STD_STRING -Wextra -MT TestPosixSocketClient-PosixTestClient.o -MD -MP -MF .deps/TestPosixSocketClient-PosixTestClient.Tpo   -c -o TwsWatcher.o TwsWatcher.cpp
#c#:g++ -Wno-unused-parameter -Wall  -g -O2 -MMD -Wno-unused-variable -DHAVE_CONFIG_H -I. -I../.  -DDEBUG -D_GNU_SOURCE -I../PosixSocketClient/src -I../Shared -DIB_USE_STD_STRING -Wextra -MT TestPosixSocketClient-PosixTestClient.o -MD -MP -MF .deps/TestPosixSocketClient-PosixTestClient.Tpo   -c -o TwsCommonApp.o TwsCommonApp.cpp
#c#:g++ -Wno-unused-parameter -Wall  -g -O2 -MMD -Wno-unused-variable -DHAVE_CONFIG_H -I. -I../.  -DDEBUG -D_GNU_SOURCE -I../PosixSocketClient/src -I../Shared -DIB_USE_STD_STRING -Wextra -MT TestPosixSocketClient-PosixTestClient.o -MD -MP -MF .deps/TestPosixSocketClient-PosixTestClient.Tpo   -c -o ClientConnection.o ClientConnection.cpp
#c#:/bin/bash ../libtool  --tag=CXX   --mode=link g++ -Wall -Wextra -g -O2   -o twsWatcher twsWatcher-Main.o PosixTestClient.o TwsWatcher.o TwsCommonApp.o ClientConnection.o ../PosixSocketClient/libtwsapi.la 	
#c#:libtool: link: g++ -Wall -Wextra -g -O2 -o twsWatcher twsWatcher-Main.o PosixTestClient.o TwsWatcher.o TwsCommonApp.o ClientConnection.o  ../PosixSocketClient/.libs/libtwsapi.a
#c#:rm -f twsWatcher-Main.o PosixTestClient.o TwsCommonApp.o ClientConnection.o TwsWatcher.o twsWatcher-Main.d PosixTestClient.d TwsCommonApp.d ClientConnection.d TwsWatcher.d twsWatcher
#c#:g++ -Wno-unused-parameter -Wall  -g -O2 -MMD -Wno-unused-variable -DHAVE_CONFIG_H -I. -I../.  -DDEBUG -D_GNU_SOURCE -I../PosixSocketClient/src -I../Shared -DIB_USE_STD_STRING -Wextra -MT TestPosixSocketClient-PosixTestClient.o -MD -MP -MF .deps/TestPosixSocketClient-PosixTestClient.Tpo   -c -o twsWatcher-Main.o twsWatcher-Main.cpp
#c#:g++ -Wno-unused-parameter -Wall  -g -O2 -MMD -Wno-unused-variable -DHAVE_CONFIG_H -I. -I../.  -DDEBUG -D_GNU_SOURCE -I../PosixSocketClient/src -I../Shared -DIB_USE_STD_STRING -Wextra -MT TestPosixSocketClient-PosixTestClient.o -MD -MP -MF .deps/TestPosixSocketClient-PosixTestClient.Tpo   -c -o PosixTestClient.o PosixTestClient.cpp
#c#:g++ -Wno-unused-parameter -Wall  -g -O2 -MMD -Wno-unused-variable -DHAVE_CONFIG_H -I. -I../.  -DDEBUG -D_GNU_SOURCE -I../PosixSocketClient/src -I../Shared -DIB_USE_STD_STRING -Wextra -MT TestPosixSocketClient-PosixTestClient.o -MD -MP -MF .deps/TestPosixSocketClient-PosixTestClient.Tpo   -c -o TwsWatcher.o TwsWatcher.cpp
ClientConnection.h:#include "PosixTestClient.h"
ClientConnection.h:  IB::PosixTestClient posixTextClient;
Binary file ClientConnection.o matches
Makefile:        -I../Shared -DIB_USE_STD_STRING -Wextra -MT TestPosixSocketClient-PosixTestClient.o \
Makefile:	-MD -MP -MF .deps/TestPosixSocketClient-PosixTestClient.Tpo
Makefile:# g++ -DHAVE_CONFIG_H -I. -I../.  -DDEBUG -D_GNU_SOURCE -I../PosixSocketClient/src -I../Shared -DIB_USE_STD_STRING -Wall -Wextra -g -O2 -MT TestPosixSocketClient-PosixTestClient.o -MD -MP -MF .deps/TestPosixSocketClient-PosixTestClient.Tpo -c -o TestPosixSocketClient-PosixTestClient.o `test -f 'PosixTestClient.cpp' || echo './'`PosixTestClient.cpp
Makefile.am:TwsWatcher_SOURCES += PosixTestClient.cpp
Makefile.am:noinst_HEADERS += PosixTestClient.h
Makefile.in:	TestPosixSocketClient-PosixTestClient.$(OBJEXT) \
Makefile.in:TestPosixSocketClient_SOURCES = PosixTestClient.cpp Main.cpp
Makefile.in:noinst_HEADERS = PosixTestClient.h
Makefile.in:@AMDEP_TRUE@@am__include@ @am__quote@./$(DEPDIR)/TestPosixSocketClient-PosixTestClient.Po@am__quote@
Makefile.in:TestPosixSocketClient-PosixTestClient.o: PosixTestClient.cpp
Makefile.in:@am__fastdepCXX_TRUE@	$(AM_V_CXX)$(CXX) $(DEFS) $(DEFAULT_INCLUDES) $(INCLUDES) $(TestPosixSocketClient_CPPFLAGS) $(CPPFLAGS) $(AM_CXXFLAGS) $(CXXFLAGS) -MT TestPosixSocketClient-PosixTestClient.o -MD -MP -MF $(DEPDIR)/TestPosixSocketClient-PosixTestClient.Tpo -c -o TestPosixSocketClient-PosixTestClient.o `test -f 'PosixTestClient.cpp' || echo '$(srcdir)/'`PosixTestClient.cpp
Makefile.in:@am__fastdepCXX_TRUE@	$(AM_V_at)$(am__mv) $(DEPDIR)/TestPosixSocketClient-PosixTestClient.Tpo $(DEPDIR)/TestPosixSocketClient-PosixTestClient.Po
Makefile.in:@AMDEP_TRUE@@am__fastdepCXX_FALSE@	$(AM_V_CXX)source='PosixTestClient.cpp' object='TestPosixSocketClient-PosixTestClient.o' libtool=no @AMDEPBACKSLASH@
Makefile.in:@am__fastdepCXX_FALSE@	$(AM_V_CXX@am__nodep@)$(CXX) $(DEFS) $(DEFAULT_INCLUDES) $(INCLUDES) $(TestPosixSocketClient_CPPFLAGS) $(CPPFLAGS) $(AM_CXXFLAGS) $(CXXFLAGS) -c -o TestPosixSocketClient-PosixTestClient.o `test -f 'PosixTestClient.cpp' || echo '$(srcdir)/'`PosixTestClient.cpp
Makefile.in:TestPosixSocketClient-PosixTestClient.obj: PosixTestClient.cpp
Makefile.in:@am__fastdepCXX_TRUE@	$(AM_V_CXX)$(CXX) $(DEFS) $(DEFAULT_INCLUDES) $(INCLUDES) $(TestPosixSocketClient_CPPFLAGS) $(CPPFLAGS) $(AM_CXXFLAGS) $(CXXFLAGS) -MT TestPosixSocketClient-PosixTestClient.obj -MD -MP -MF $(DEPDIR)/TestPosixSocketClient-PosixTestClient.Tpo -c -o TestPosixSocketClient-PosixTestClient.obj `if test -f 'PosixTestClient.cpp'; then $(CYGPATH_W) 'PosixTestClient.cpp'; else $(CYGPATH_W) '$(srcdir)/PosixTestClient.cpp'; fi`
Makefile.in:@am__fastdepCXX_TRUE@	$(AM_V_at)$(am__mv) $(DEPDIR)/TestPosixSocketClient-PosixTestClient.Tpo $(DEPDIR)/TestPosixSocketClient-PosixTestClient.Po
Makefile.in:@AMDEP_TRUE@@am__fastdepCXX_FALSE@	$(AM_V_CXX)source='PosixTestClient.cpp' object='TestPosixSocketClient-PosixTestClient.obj' libtool=no @AMDEPBACKSLASH@
Makefile.in:@am__fastdepCXX_FALSE@	$(AM_V_CXX@am__nodep@)$(CXX) $(DEFS) $(DEFAULT_INCLUDES) $(INCLUDES) $(TestPosixSocketClient_CPPFLAGS) $(CPPFLAGS) $(AM_CXXFLAGS) $(CXXFLAGS) -c -o TestPosixSocketClient-PosixTestClient.obj `if test -f 'PosixTestClient.cpp'; then $(CYGPATH_W) 'PosixTestClient.cpp'; else $(CYGPATH_W) '$(srcdir)/PosixTestClient.cpp'; fi`
Makefile.linux:	$(CXX) $(CXXFLAGS) $(INCLUDES) -o PosixTestClient.o -c PosixTestClient.cpp
Makefile.linux:	$(CXX) $(CXXFLAGS) $(INCLUDES) -o $@ EClientSocketBase.o EPosixClientSocket.o PosixTestClient.o Main.o
Makefile.win:	$(CXX) /c PosixTestClient.cpp $(INCLUDES) $(CXXFLAGS)
Makefile.win:	$(LINK) EClientSocketBase.obj EPosixClientSocket.obj PosixTestClient.obj Main.obj /OUT:$(OUTPUT)
Makefile.win:	del EClientSocketBase.obj EPosixClientSocket.obj PosixTestClient.obj Main.obj $(OUTPUT)
PosixTestClient.cpp:#include "PosixTestClient.h"
PosixTestClient.cpp:PosixTestClient::PosixTestClient()
PosixTestClient.cpp:PosixTestClient::~PosixTestClient()
PosixTestClient.cpp:bool PosixTestClient::connect(const char *host, unsigned int port, int clientId)
PosixTestClient.cpp:void PosixTestClient::disconnect() const
PosixTestClient.cpp:bool PosixTestClient::isConnected() const
PosixTestClient.cpp:void PosixTestClient::processMessages()
PosixTestClient.cpp:void PosixTestClient::reqCurrentTime()
PosixTestClient.cpp:void PosixTestClient::placeOrder()
PosixTestClient.cpp:void PosixTestClient::cancelOrder()
PosixTestClient.cpp:void PosixTestClient::orderStatus( OrderId orderId, const IBString &status, int filled,
PosixTestClient.cpp:void PosixTestClient::nextValidId( OrderId orderId)
PosixTestClient.cpp:void PosixTestClient::currentTime( long time)
PosixTestClient.cpp:void PosixTestClient::error(const int id, const int errorCode, const IBString errorString)
PosixTestClient.cpp:void PosixTestClient::tickPrice( TickerId tickerId, TickType field, double price, int canAutoExecute) {}
PosixTestClient.cpp:void PosixTestClient::tickSize( TickerId tickerId, TickType field, int size) {}
PosixTestClient.cpp:void PosixTestClient::tickOptionComputation( TickerId tickerId, TickType tickType, double impliedVol, double delta,
PosixTestClient.cpp:void PosixTestClient::tickGeneric(TickerId tickerId, TickType tickType, double value) {}
PosixTestClient.cpp:void PosixTestClient::tickString(TickerId tickerId, TickType tickType, const IBString& value) {}
PosixTestClient.cpp:void PosixTestClient::tickEFP(TickerId tickerId, TickType tickType, double basisPoints, const IBString& formattedBasisPoints,
PosixTestClient.cpp:void PosixTestClient::openOrder( OrderId orderId, const Contract&, const Order&, const OrderState& ostate) {}
PosixTestClient.cpp:void PosixTestClient::openOrderEnd() {}
PosixTestClient.cpp:void PosixTestClient::winError( const IBString &str, int lastError) {}
PosixTestClient.cpp:void PosixTestClient::connectionClosed() {}
PosixTestClient.cpp:void PosixTestClient::updateAccountValue(const IBString& key, const IBString& val,
PosixTestClient.cpp:void PosixTestClient::updatePortfolio(const Contract& contract, int position,
PosixTestClient.cpp:void PosixTestClient::updateAccountTime(const IBString& timeStamp) {}
PosixTestClient.cpp:void PosixTestClient::accountDownloadEnd(const IBString& accountName) {}
PosixTestClient.cpp:void PosixTestClient::contractDetails( int reqId, const ContractDetails& contractDetails) {}
PosixTestClient.cpp:void PosixTestClient::bondContractDetails( int reqId, const ContractDetails& contractDetails) {}
PosixTestClient.cpp:void PosixTestClient::contractDetailsEnd( int reqId) {}
PosixTestClient.cpp:void PosixTestClient::execDetails( int reqId, const Contract& contract, const Execution& execution) {}
PosixTestClient.cpp:void PosixTestClient::execDetailsEnd( int reqId) {}
PosixTestClient.cpp:void PosixTestClient::updateMktDepth(TickerId id, int position, int operation, int side,
PosixTestClient.cpp:void PosixTestClient::updateMktDepthL2(TickerId id, int position, IBString marketMaker, int operation,
PosixTestClient.cpp:void PosixTestClient::updateNewsBulletin(int msgId, int msgType, const IBString& newsMessage, const IBString& originExch) {}
PosixTestClient.cpp:void PosixTestClient::managedAccounts( const IBString& accountsList) {}
PosixTestClient.cpp:void PosixTestClient::receiveFA(faDataType pFaDataType, const IBString& cxml) {}
PosixTestClient.cpp:void PosixTestClient::historicalData(TickerId reqId, const IBString& date, double open, double high,
PosixTestClient.cpp:void PosixTestClient::scannerParameters(const IBString &xml) {}
PosixTestClient.cpp:void PosixTestClient::scannerData(int reqId, int rank, const ContractDetails &contractDetails,
PosixTestClient.cpp:void PosixTestClient::scannerDataEnd(int reqId) {}
PosixTestClient.cpp:void PosixTestClient::realtimeBar(TickerId reqId, long time, double open, double high, double low, double close,
PosixTestClient.cpp:void PosixTestClient::fundamentalData(TickerId reqId, const IBString& data) {}
PosixTestClient.cpp:void PosixTestClient::deltaNeutralValidation(int reqId, const UnderComp& underComp) {}
PosixTestClient.cpp:void PosixTestClient::tickSnapshotEnd(int reqId) {}
PosixTestClient.cpp:void PosixTestClient::marketDataType(TickerId reqId, int marketDataType) {}
PosixTestClient.cpp:void PosixTestClient::commissionReport( const CommissionReport& commissionReport) {}
PosixTestClient.cpp:void PosixTestClient::position( const IBString& account, const Contract& contract, int position, double avgCost) {}
PosixTestClient.cpp:void PosixTestClient::positionEnd() {}
PosixTestClient.cpp:void PosixTestClient::accountSummary( int reqId, const IBString& account, const IBString& tag, const IBString& value, const IBString& curency) {}
PosixTestClient.cpp:void PosixTestClient::accountSummaryEnd( int reqId) {}
PosixTestClient.cpp:void PosixTestClient::verifyMessageAPI( const IBString& apiData) {}
PosixTestClient.cpp:void PosixTestClient::verifyCompleted( bool isSuccessful, const IBString& errorText) {}
PosixTestClient.cpp:void PosixTestClient::displayGroupList( int reqId, const IBString& groups) {}
PosixTestClient.cpp:void PosixTestClient::displayGroupUpdated( int reqId, const IBString& contractInfo) {}
PosixTestClient.h:class PosixTestClient : public EWrapper
PosixTestClient.h:	PosixTestClient();
PosixTestClient.h:	~PosixTestClient();
Binary file PosixTestClient.o matches
Binary file TestPosixSocketClient matches
Binary file twsWatcher matches
TwsWatcher.cpp://#include "PosixTestClient.h"
TwsWatcher.cpp:		IB::PosixTestClient client;
twsWatcher-Main.cpp:#include "PosixTestClient.h"
twsWatcher-Main.cpp:		IB::PosixTestClient client;
Binary file TwsWatcher.o matches
steve@beast:~/projects/2017/broom/twsapi/twsapi/Watcher$ grep PosixTestClient *h
ClientConnection.h:#include "PosixTestClient.h"
ClientConnection.h:  IB::PosixTestClient posixTextClient;
PosixTestClient.h:class PosixTestClient : public EWrapper
PosixTestClient.h:	PosixTestClient();
PosixTestClient.h:	~PosixTestClient();
steve@beast:~/projects/2017/broom/twsapi/twsapi/Watcher$ mm
rm -f twsWatcher-Main.o PosixTestClient.o TwsCommonApp.o ClientConnection.o TwsWatcher.o twsWatcher-Main.d PosixTestClient.d TwsCommonApp.d ClientConnection.d TwsWatcher.d twsWatcher
g++ -Wno-unused-parameter -Wall  -g -O2 -MMD -Wno-unused-variable -DHAVE_CONFIG_H -I. -I../.  -DDEBUG -D_GNU_SOURCE -I../PosixSocketClient/src -I../Shared -DIB_USE_STD_STRING -Wextra -MT TestPosixSocketClient-PosixTestClient.o -MD -MP -MF .deps/TestPosixSocketClient-PosixTestClient.Tpo   -c -o twsWatcher-Main.o twsWatcher-Main.cpp
g++ -Wno-unused-parameter -Wall  -g -O2 -MMD -Wno-unused-variable -DHAVE_CONFIG_H -I. -I../.  -DDEBUG -D_GNU_SOURCE -I../PosixSocketClient/src -I../Shared -DIB_USE_STD_STRING -Wextra -MT TestPosixSocketClient-PosixTestClient.o -MD -MP -MF .deps/TestPosixSocketClient-PosixTestClient.Tpo   -c -o PosixTestClient.o PosixTestClient.cpp
g++ -Wno-unused-parameter -Wall  -g -O2 -MMD -Wno-unused-variable -DHAVE_CONFIG_H -I. -I../.  -DDEBUG -D_GNU_SOURCE -I../PosixSocketClient/src -I../Shared -DIB_USE_STD_STRING -Wextra -MT TestPosixSocketClient-PosixTestClient.o -MD -MP -MF .deps/TestPosixSocketClient-PosixTestClient.Tpo   -c -o TwsWatcher.o TwsWatcher.cpp
g++ -Wno-unused-parameter -Wall  -g -O2 -MMD -Wno-unused-variable -DHAVE_CONFIG_H -I. -I../.  -DDEBUG -D_GNU_SOURCE -I../PosixSocketClient/src -I../Shared -DIB_USE_STD_STRING -Wextra -MT TestPosixSocketClient-PosixTestClient.o -MD -MP -MF .deps/TestPosixSocketClient-PosixTestClient.Tpo   -c -o TwsCommonApp.o TwsCommonApp.cpp
g++ -Wno-unused-parameter -Wall  -g -O2 -MMD -Wno-unused-variable -DHAVE_CONFIG_H -I. -I../.  -DDEBUG -D_GNU_SOURCE -I../PosixSocketClient/src -I../Shared -DIB_USE_STD_STRING -Wextra -MT TestPosixSocketClient-PosixTestClient.o -MD -MP -MF .deps/TestPosixSocketClient-PosixTestClient.Tpo   -c -o ClientConnection.o ClientConnection.cpp
/bin/bash ../libtool  --tag=CXX   --mode=link g++ -Wall -Wextra -g -O2   -o twsWatcher twsWatcher-Main.o PosixTestClient.o TwsWatcher.o TwsCommonApp.o ClientConnection.o ../PosixSocketClient/libtwsapi.la 	
libtool: link: g++ -Wall -Wextra -g -O2 -o twsWatcher twsWatcher-Main.o PosixTestClient.o TwsWatcher.o TwsCommonApp.o ClientConnection.o  ../PosixSocketClient/.libs/libtwsapi.a
Connecting to 127.0.0.1:7496 clientId:-696893088
Connected to 127.0.0.1:7496 clientId:-696893088
NYI: TwsWatcher.RunMain
steve@beast:~/projects/2017/broom/twsapi/twsapi/Watcher$ mm
rm -f twsWatcher-Main.o PosixTestClient.o TwsCommonApp.o ClientConnection.o TwsWatcher.o twsWatcher-Main.d PosixTestClient.d TwsCommonApp.d ClientConnection.d TwsWatcher.d twsWatcher
g++ -Wno-unused-parameter -Wall  -g -O2 -MMD -Wno-unused-variable -DHAVE_CONFIG_H -I. -I../.  -DDEBUG -D_GNU_SOURCE -I../PosixSocketClient/src -I../Shared -DIB_USE_STD_STRING -Wextra -MT TestPosixSocketClient-PosixTestClient.o -MD -MP -MF .deps/TestPosixSocketClient-PosixTestClient.Tpo   -c -o twsWatcher-Main.o twsWatcher-Main.cpp
g++ -Wno-unused-parameter -Wall  -g -O2 -MMD -Wno-unused-variable -DHAVE_CONFIG_H -I. -I../.  -DDEBUG -D_GNU_SOURCE -I../PosixSocketClient/src -I../Shared -DIB_USE_STD_STRING -Wextra -MT TestPosixSocketClient-PosixTestClient.o -MD -MP -MF .deps/TestPosixSocketClient-PosixTestClient.Tpo   -c -o PosixTestClient.o PosixTestClient.cpp
g++ -Wno-unused-parameter -Wall  -g -O2 -MMD -Wno-unused-variable -DHAVE_CONFIG_H -I. -I../.  -DDEBUG -D_GNU_SOURCE -I../PosixSocketClient/src -I../Shared -DIB_USE_STD_STRING -Wextra -MT TestPosixSocketClient-PosixTestClient.o -MD -MP -MF .deps/TestPosixSocketClient-PosixTestClient.Tpo   -c -o TwsWatcher.o TwsWatcher.cpp
g++ -Wno-unused-parameter -Wall  -g -O2 -MMD -Wno-unused-variable -DHAVE_CONFIG_H -I. -I../.  -DDEBUG -D_GNU_SOURCE -I../PosixSocketClient/src -I../Shared -DIB_USE_STD_STRING -Wextra -MT TestPosixSocketClient-PosixTestClient.o -MD -MP -MF .deps/TestPosixSocketClient-PosixTestClient.Tpo   -c -o TwsCommonApp.o TwsCommonApp.cpp
g++ -Wno-unused-parameter -Wall  -g -O2 -MMD -Wno-unused-variable -DHAVE_CONFIG_H -I. -I../.  -DDEBUG -D_GNU_SOURCE -I../PosixSocketClient/src -I../Shared -DIB_USE_STD_STRING -Wextra -MT TestPosixSocketClient-PosixTestClient.o -MD -MP -MF .deps/TestPosixSocketClient-PosixTestClient.Tpo   -c -o ClientConnection.o ClientConnection.cpp
/bin/bash ../libtool  --tag=CXX   --mode=link g++ -Wall -Wextra -g -O2   -o twsWatcher twsWatcher-Main.o PosixTestClient.o TwsWatcher.o TwsCommonApp.o ClientConnection.o ../PosixSocketClient/libtwsapi.la 	
libtool: link: g++ -Wall -Wextra -g -O2 -o twsWatcher twsWatcher-Main.o PosixTestClient.o TwsWatcher.o TwsCommonApp.o ClientConnection.o  ../PosixSocketClient/.libs/libtwsapi.a
Connecting to 127.0.0.1:7496 clientId:72986176
Connected to 127.0.0.1:7496 clientId:72986176
NYI: TwsWatcher.RunMain
steve@beast:~/projects/2017/broom/twsapi/twsapi/Watcher$ mm
rm -f twsWatcher-Main.o PosixTestClient.o TwsCommonApp.o ClientConnection.o TwsWatcher.o twsWatcher-Main.d PosixTestClient.d TwsCommonApp.d ClientConnection.d TwsWatcher.d twsWatcher
g++ -Wno-unused-parameter -Wall  -g -O2 -MMD -Wno-unused-variable -DHAVE_CONFIG_H -I. -I../.  -DDEBUG -D_GNU_SOURCE -I../PosixSocketClient/src -I../Shared -DIB_USE_STD_STRING -Wextra -MT TestPosixSocketClient-PosixTestClient.o -MD -MP -MF .deps/TestPosixSocketClient-PosixTestClient.Tpo   -c -o twsWatcher-Main.o twsWatcher-Main.cpp
g++ -Wno-unused-parameter -Wall  -g -O2 -MMD -Wno-unused-variable -DHAVE_CONFIG_H -I. -I../.  -DDEBUG -D_GNU_SOURCE -I../PosixSocketClient/src -I../Shared -DIB_USE_STD_STRING -Wextra -MT TestPosixSocketClient-PosixTestClient.o -MD -MP -MF .deps/TestPosixSocketClient-PosixTestClient.Tpo   -c -o PosixTestClient.o PosixTestClient.cpp
g++ -Wno-unused-parameter -Wall  -g -O2 -MMD -Wno-unused-variable -DHAVE_CONFIG_H -I. -I../.  -DDEBUG -D_GNU_SOURCE -I../PosixSocketClient/src -I../Shared -DIB_USE_STD_STRING -Wextra -MT TestPosixSocketClient-PosixTestClient.o -MD -MP -MF .deps/TestPosixSocketClient-PosixTestClient.Tpo   -c -o TwsWatcher.o TwsWatcher.cpp
g++ -Wno-unused-parameter -Wall  -g -O2 -MMD -Wno-unused-variable -DHAVE_CONFIG_H -I. -I../.  -DDEBUG -D_GNU_SOURCE -I../PosixSocketClient/src -I../Shared -DIB_USE_STD_STRING -Wextra -MT TestPosixSocketClient-PosixTestClient.o -MD -MP -MF .deps/TestPosixSocketClient-PosixTestClient.Tpo   -c -o TwsCommonApp.o TwsCommonApp.cpp
g++ -Wno-unused-parameter -Wall  -g -O2 -MMD -Wno-unused-variable -DHAVE_CONFIG_H -I. -I../.  -DDEBUG -D_GNU_SOURCE -I../PosixSocketClient/src -I../Shared -DIB_USE_STD_STRING -Wextra -MT TestPosixSocketClient-PosixTestClient.o -MD -MP -MF .deps/TestPosixSocketClient-PosixTestClient.Tpo   -c -o ClientConnection.o ClientConnection.cpp
/bin/bash ../libtool  --tag=CXX   --mode=link g++ -Wall -Wextra -g -O2   -o twsWatcher twsWatcher-Main.o PosixTestClient.o TwsWatcher.o TwsCommonApp.o ClientConnection.o ../PosixSocketClient/libtwsapi.la 	
libtool: link: g++ -Wall -Wextra -g -O2 -o twsWatcher twsWatcher-Main.o PosixTestClient.o TwsWatcher.o TwsCommonApp.o ClientConnection.o  ../PosixSocketClient/.libs/libtwsapi.a
Connecting to 127.0.0.1:7496 clientId:-144079552
Connected to 127.0.0.1:7496 clientId:-144079552
NYI: TwsWatcher.RunMain
steve@beast:~/projects/2017/broom/twsapi/twsapi/Watcher$ mm
rm -f twsWatcher-Main.o PosixTestClient.o TwsCommonApp.o ClientConnection.o TwsWatcher.o twsWatcher-Main.d PosixTestClient.d TwsCommonApp.d ClientConnection.d TwsWatcher.d twsWatcher
g++ -Wno-unused-parameter -Wall  -g -O2 -MMD -Wno-unused-variable -DHAVE_CONFIG_H -I. -I../.  -DDEBUG -D_GNU_SOURCE -I../PosixSocketClient/src -I../Shared -DIB_USE_STD_STRING -Wextra -MT TestPosixSocketClient-PosixTestClient.o -MD -MP -MF .deps/TestPosixSocketClient-PosixTestClient.Tpo   -c -o twsWatcher-Main.o twsWatcher-Main.cpp
g++ -Wno-unused-parameter -Wall  -g -O2 -MMD -Wno-unused-variable -DHAVE_CONFIG_H -I. -I../.  -DDEBUG -D_GNU_SOURCE -I../PosixSocketClient/src -I../Shared -DIB_USE_STD_STRING -Wextra -MT TestPosixSocketClient-PosixTestClient.o -MD -MP -MF .deps/TestPosixSocketClient-PosixTestClient.Tpo   -c -o PosixTestClient.o PosixTestClient.cpp
g++ -Wno-unused-parameter -Wall  -g -O2 -MMD -Wno-unused-variable -DHAVE_CONFIG_H -I. -I../.  -DDEBUG -D_GNU_SOURCE -I../PosixSocketClient/src -I../Shared -DIB_USE_STD_STRING -Wextra -MT TestPosixSocketClient-PosixTestClient.o -MD -MP -MF .deps/TestPosixSocketClient-PosixTestClient.Tpo   -c -o TwsWatcher.o TwsWatcher.cpp
g++ -Wno-unused-parameter -Wall  -g -O2 -MMD -Wno-unused-variable -DHAVE_CONFIG_H -I. -I../.  -DDEBUG -D_GNU_SOURCE -I../PosixSocketClient/src -I../Shared -DIB_USE_STD_STRING -Wextra -MT TestPosixSocketClient-PosixTestClient.o -MD -MP -MF .deps/TestPosixSocketClient-PosixTestClient.Tpo   -c -o TwsCommonApp.o TwsCommonApp.cpp
g++ -Wno-unused-parameter -Wall  -g -O2 -MMD -Wno-unused-variable -DHAVE_CONFIG_H -I. -I../.  -DDEBUG -D_GNU_SOURCE -I../PosixSocketClient/src -I../Shared -DIB_USE_STD_STRING -Wextra -MT TestPosixSocketClient-PosixTestClient.o -MD -MP -MF .deps/TestPosixSocketClient-PosixTestClient.Tpo   -c -o ClientConnection.o ClientConnection.cpp
/bin/bash ../libtool  --tag=CXX   --mode=link g++ -Wall -Wextra -g -O2   -o twsWatcher twsWatcher-Main.o PosixTestClient.o TwsWatcher.o TwsCommonApp.o ClientConnection.o ../PosixSocketClient/libtwsapi.la 	
libtool: link: g++ -Wall -Wextra -g -O2 -o twsWatcher twsWatcher-Main.o PosixTestClient.o TwsWatcher.o TwsCommonApp.o ClientConnection.o  ../PosixSocketClient/.libs/libtwsapi.a
Connecting to 127.0.0.1:7496 clientId:2136899792
Connected to 127.0.0.1:7496 clientId:2136899792
DB ClientConnection::TryConnecting success
NYI: TwsWatcher.RunMain
steve@beast:~/projects/2017/broom/twsapi/twsapi/Watcher$ mm
rm -f twsWatcher-Main.o PosixTestClient.o TwsCommonApp.o ClientConnection.o TwsWatcher.o twsWatcher-Main.d PosixTestClient.d TwsCommonApp.d ClientConnection.d TwsWatcher.d twsWatcher
g++ -Wno-unused-parameter -Wall  -g -O2 -MMD -Wno-unused-variable -DHAVE_CONFIG_H -I. -I../.  -DDEBUG -D_GNU_SOURCE -I../PosixSocketClient/src -I../Shared -DIB_USE_STD_STRING -Wextra -MT TestPosixSocketClient-PosixTestClient.o -MD -MP -MF .deps/TestPosixSocketClient-PosixTestClient.Tpo   -c -o twsWatcher-Main.o twsWatcher-Main.cpp
g++ -Wno-unused-parameter -Wall  -g -O2 -MMD -Wno-unused-variable -DHAVE_CONFIG_H -I. -I../.  -DDEBUG -D_GNU_SOURCE -I../PosixSocketClient/src -I../Shared -DIB_USE_STD_STRING -Wextra -MT TestPosixSocketClient-PosixTestClient.o -MD -MP -MF .deps/TestPosixSocketClient-PosixTestClient.Tpo   -c -o PosixTestClient.o PosixTestClient.cpp
g++ -Wno-unused-parameter -Wall  -g -O2 -MMD -Wno-unused-variable -DHAVE_CONFIG_H -I. -I../.  -DDEBUG -D_GNU_SOURCE -I../PosixSocketClient/src -I../Shared -DIB_USE_STD_STRING -Wextra -MT TestPosixSocketClient-PosixTestClient.o -MD -MP -MF .deps/TestPosixSocketClient-PosixTestClient.Tpo   -c -o TwsWatcher.o TwsWatcher.cpp
g++ -Wno-unused-parameter -Wall  -g -O2 -MMD -Wno-unused-variable -DHAVE_CONFIG_H -I. -I../.  -DDEBUG -D_GNU_SOURCE -I../PosixSocketClient/src -I../Shared -DIB_USE_STD_STRING -Wextra -MT TestPosixSocketClient-PosixTestClient.o -MD -MP -MF .deps/TestPosixSocketClient-PosixTestClient.Tpo   -c -o TwsCommonApp.o TwsCommonApp.cpp
g++ -Wno-unused-parameter -Wall  -g -O2 -MMD -Wno-unused-variable -DHAVE_CONFIG_H -I. -I../.  -DDEBUG -D_GNU_SOURCE -I../PosixSocketClient/src -I../Shared -DIB_USE_STD_STRING -Wextra -MT TestPosixSocketClient-PosixTestClient.o -MD -MP -MF .deps/TestPosixSocketClient-PosixTestClient.Tpo   -c -o ClientConnection.o ClientConnection.cpp
/bin/bash ../libtool  --tag=CXX   --mode=link g++ -Wall -Wextra -g -O2   -o twsWatcher twsWatcher-Main.o PosixTestClient.o TwsWatcher.o TwsCommonApp.o ClientConnection.o ../PosixSocketClient/libtwsapi.la 	
libtool: link: g++ -Wall -Wextra -g -O2 -o twsWatcher twsWatcher-Main.o PosixTestClient.o TwsWatcher.o TwsCommonApp.o ClientConnection.o  ../PosixSocketClient/.libs/libtwsapi.a
DB ClientConnection::TryConnecting called
Connecting to 127.0.0.1:7496 clientId:1689653392
Connected to 127.0.0.1:7496 clientId:1689653392
DB ClientConnection::TryConnecting success
NYI: TwsWatcher.RunMain
steve@beast:~/projects/2017/broom/twsapi/twsapi/Watcher$ mm
rm -f twsWatcher-Main.o PosixTestClient.o TwsCommonApp.o ClientConnection.o TwsWatcher.o twsWatcher-Main.d PosixTestClient.d TwsCommonApp.d ClientConnection.d TwsWatcher.d twsWatcher
g++ -Wno-unused-parameter -Wall  -g -O2 -MMD -Wno-unused-variable -DHAVE_CONFIG_H -I. -I../.  -DDEBUG -D_GNU_SOURCE -I../PosixSocketClient/src -I../Shared -DIB_USE_STD_STRING -Wextra -MT TestPosixSocketClient-PosixTestClient.o -MD -MP -MF .deps/TestPosixSocketClient-PosixTestClient.Tpo   -c -o twsWatcher-Main.o twsWatcher-Main.cpp
g++ -Wno-unused-parameter -Wall  -g -O2 -MMD -Wno-unused-variable -DHAVE_CONFIG_H -I. -I../.  -DDEBUG -D_GNU_SOURCE -I../PosixSocketClient/src -I../Shared -DIB_USE_STD_STRING -Wextra -MT TestPosixSocketClient-PosixTestClient.o -MD -MP -MF .deps/TestPosixSocketClient-PosixTestClient.Tpo   -c -o PosixTestClient.o PosixTestClient.cpp
g++ -Wno-unused-parameter -Wall  -g -O2 -MMD -Wno-unused-variable -DHAVE_CONFIG_H -I. -I../.  -DDEBUG -D_GNU_SOURCE -I../PosixSocketClient/src -I../Shared -DIB_USE_STD_STRING -Wextra -MT TestPosixSocketClient-PosixTestClient.o -MD -MP -MF .deps/TestPosixSocketClient-PosixTestClient.Tpo   -c -o TwsWatcher.o TwsWatcher.cpp
g++ -Wno-unused-parameter -Wall  -g -O2 -MMD -Wno-unused-variable -DHAVE_CONFIG_H -I. -I../.  -DDEBUG -D_GNU_SOURCE -I../PosixSocketClient/src -I../Shared -DIB_USE_STD_STRING -Wextra -MT TestPosixSocketClient-PosixTestClient.o -MD -MP -MF .deps/TestPosixSocketClient-PosixTestClient.Tpo   -c -o TwsCommonApp.o TwsCommonApp.cpp
g++ -Wno-unused-parameter -Wall  -g -O2 -MMD -Wno-unused-variable -DHAVE_CONFIG_H -I. -I../.  -DDEBUG -D_GNU_SOURCE -I../PosixSocketClient/src -I../Shared -DIB_USE_STD_STRING -Wextra -MT TestPosixSocketClient-PosixTestClient.o -MD -MP -MF .deps/TestPosixSocketClient-PosixTestClient.Tpo   -c -o ClientConnection.o ClientConnection.cpp
/bin/bash ../libtool  --tag=CXX   --mode=link g++ -Wall -Wextra -g -O2   -o twsWatcher twsWatcher-Main.o PosixTestClient.o TwsWatcher.o TwsCommonApp.o ClientConnection.o ../PosixSocketClient/libtwsapi.la 	
libtool: link: g++ -Wall -Wextra -g -O2 -o twsWatcher twsWatcher-Main.o PosixTestClient.o TwsWatcher.o TwsCommonApp.o ClientConnection.o  ../PosixSocketClient/.libs/libtwsapi.a
DB ClientConnection::TryConnecting called
Connecting to 127.0.0.1:7496 clientId:572534224
Connected to 127.0.0.1:7496 clientId:572534224
DB ClientConnection::TryConnecting success
NYI: TwsWatcher.RunMain
steve@beast:~/projects/2017/broom/twsapi/twsapi/Watcher$ 